<html>
<body>
<pre>
<h1>µVision Build Log</h1>
<h2>Tool Versions:</h2>
IDE-Version: ¦ÌVision V5.24.2.0
Copyright (C) 2017 ARM Ltd and ARM Germany GmbH. All rights reserved.
License Information: 1 lenovo, 1, LIC=ZB4EI-TA9KN-Y8VFK-ZCPCN-T95MZ-FPGWY
 
Tool Versions:
Toolchain:       MDK-ARM Plus  Version: 5.24.1
Toolchain Path:  D:\software\keil5 MDK\ARM\ARMCC\Bin
C Compiler:      Armcc.exe V5.06 update 5 (build 528)
Assembler:       Armasm.exe V5.06 update 5 (build 528)
Linker/Locator:  ArmLink.exe V5.06 update 5 (build 528)
Library Manager: ArmAr.exe V5.06 update 5 (build 528)
Hex Converter:   FromElf.exe V5.06 update 5 (build 528)
CPU DLL:         SARMCM3.DLL V5.24.1
Dialog DLL:      DARMCM1.DLL V1.18.0.0
Target DLL:      STLink\ST-LINKIII-KEIL_SWO.dll V3.0.1.0
Dialog DLL:      TARMCM1.DLL V1.13.0.0
 
<h2>Project:</h2>
E:\×ÀÃæ\drone\drone1 - ¸±±¾\drone_1\MDK-ARM\drone_1.uvprojx
Project File Date:  09/25/2025

<h2>Output:</h2>
*** Using Compiler 'V5.06 update 5 (build 528)', folder: 'D:\software\keil5 MDK\ARM\ARMCC\Bin'
Rebuild target 'drone_1'
assembling startup_stm32g030xx.s...
compiling stm32g0xx_ll_adc.c...
compiling stm32g0xx_ll_rcc.c...
compiling stm32g0xx_it.c...
compiling stm32g0xx_hal_rcc_ex.c...
compiling stm32g0xx_hal_msp.c...
compiling stm32g0xx_hal_gpio.c...
compiling stm32g0xx_hal_flash_ex.c...
compiling main.c...
compiling stm32g0xx_hal_adc.c...
compiling stm32g0xx_hal_rcc.c...
compiling stm32g0xx_hal_adc_ex.c...
compiling stm32g0xx_hal_flash.c...
compiling stm32g0xx_hal_dma.c...
compiling stm32g0xx_hal_dma_ex.c...
compiling stm32g0xx_hal_pwr.c...
compiling stm32g0xx_hal.c...
compiling stm32g0xx_hal_cortex.c...
compiling stm32g0xx_hal_pwr_ex.c...
compiling stm32g0xx_hal_exti.c...
compiling stm32g0xx_hal_uart_ex.c...
compiling stm32g0xx_hal_tim_ex.c...
compiling stm32g0xx_hal_i2c_ex.c...
compiling system_stm32g0xx.c...
compiling stm32g0xx_hal_uart.c...
compiling usart1.c...
compiling anbt_dmp_driver.c...
compiling anbt_dmp_mpu6050.c...
compiling stm32g0xx_hal_i2c.c...
compiling stm32g0xx_hal_tim.c...
compiling MPU6050.c...
compiling control.c...
compiling soft_uart.c...
compiling Buletooth.c...
compiling user.c...
linking...
Program Size: Code=35476 RO-data=908 RW-data=216 ZI-data=2472  
FromELF: creating hex file...
"drone_1\drone_1.axf" - 0 Error(s), 0 Warning(s).

<h2>Software Packages used:</h2>

Package Vendor: ARM
                http://www.keil.com/pack/ARM.CMSIS.5.0.1.pack
                ARM.CMSIS.5.0.1
                CMSIS (Cortex Microcontroller Software Interface Standard)
   * Component: CORE Version: 5.0.1

Package Vendor: Keil
                http://www.keil.com/pack/Keil.STM32G0xx_DFP.1.4.0.pack
                Keil.STM32G0xx_DFP.1.4.0
                STMicroelectronics STM32G0 Series Device Support

<h2>Collection of Component include folders:</h2>
  .\RTE\_drone_1
  D:\software\keil5 MDK\ARM\PACK\ARM\CMSIS\5.0.1\CMSIS\Include
  D:\software\keil5 MDK\ARM\PACK\Keil\STM32G0xx_DFP\1.4.0\Drivers\CMSIS\Device\ST\STM32G0xx\Include

<h2>Collection of Component Files used:</h2>

   * Component: ARM::CMSIS:CORE:5.0.1
Build Time Elapsed:  00:00:07
</pre>
</body>
</html>
