Component: ARM Compiler 5.06 update 5 (build 528) Tool: armlink [4d35e2]

==============================================================================

Section Cross References

    startup_stm32g030xx.o(STACK) refers (Special) to heapauxi.o(.text) for __use_two_region_memory
    startup_stm32g030xx.o(HEAP) refers (Special) to heapauxi.o(.text) for __use_two_region_memory
    startup_stm32g030xx.o(RESET) refers (Special) to heapauxi.o(.text) for __use_two_region_memory
    startup_stm32g030xx.o(RESET) refers to startup_stm32g030xx.o(STACK) for __initial_sp
    startup_stm32g030xx.o(RESET) refers to startup_stm32g030xx.o(.text) for Reset_Handler
    startup_stm32g030xx.o(RESET) refers to stm32g0xx_it.o(i.NMI_Handler) for NMI_Handler
    startup_stm32g030xx.o(RESET) refers to stm32g0xx_it.o(i.HardFault_Handler) for HardFault_Handler
    startup_stm32g030xx.o(RESET) refers to stm32g0xx_it.o(i.SVC_Handler) for SVC_Handler
    startup_stm32g030xx.o(RESET) refers to stm32g0xx_it.o(i.PendSV_Handler) for PendSV_Handler
    startup_stm32g030xx.o(RESET) refers to stm32g0xx_it.o(i.SysTick_Handler) for SysTick_Handler
    startup_stm32g030xx.o(RESET) refers to stm32g0xx_it.o(i.DMA1_Channel1_IRQHandler) for DMA1_Channel1_IRQHandler
    startup_stm32g030xx.o(RESET) refers to stm32g0xx_it.o(i.DMA1_Channel2_3_IRQHandler) for DMA1_Channel2_3_IRQHandler
    startup_stm32g030xx.o(RESET) refers to stm32g0xx_it.o(i.TIM1_BRK_UP_TRG_COM_IRQHandler) for TIM1_BRK_UP_TRG_COM_IRQHandler
    startup_stm32g030xx.o(RESET) refers to stm32g0xx_it.o(i.TIM1_CC_IRQHandler) for TIM1_CC_IRQHandler
    startup_stm32g030xx.o(RESET) refers to stm32g0xx_it.o(i.TIM3_IRQHandler) for TIM3_IRQHandler
    startup_stm32g030xx.o(RESET) refers to stm32g0xx_it.o(i.I2C2_IRQHandler) for I2C2_IRQHandler
    startup_stm32g030xx.o(RESET) refers to stm32g0xx_it.o(i.USART2_IRQHandler) for USART2_IRQHandler
    startup_stm32g030xx.o(.text) refers (Special) to heapauxi.o(.text) for __use_two_region_memory
    startup_stm32g030xx.o(.text) refers to system_stm32g0xx.o(i.SystemInit) for SystemInit
    startup_stm32g030xx.o(.text) refers to __main.o(!!!main) for __main
    startup_stm32g030xx.o(.text) refers to startup_stm32g030xx.o(HEAP) for Heap_Mem
    startup_stm32g030xx.o(.text) refers to startup_stm32g030xx.o(STACK) for Stack_Mem
    main.o(i.HAL_TIM_PeriodElapsedCallback) refers to _printf_percent.o(.ARM.Collect$$_printf_percent$$00000000) for _printf_percent
    main.o(i.HAL_TIM_PeriodElapsedCallback) refers to _printf_f.o(.ARM.Collect$$_printf_percent$$00000003) for _printf_f
    main.o(i.HAL_TIM_PeriodElapsedCallback) refers to printf1.o(x$fpl$printf1) for _printf_fp_dec
    main.o(i.HAL_TIM_PeriodElapsedCallback) refers to mpu6050.o(i.MPU6050_GetData) for MPU6050_GetData
    main.o(i.HAL_TIM_PeriodElapsedCallback) refers to rt_memcpy.o(.text) for __aeabi_memcpy
    main.o(i.HAL_TIM_PeriodElapsedCallback) refers to mpu6050.o(i.MPU6050_AttitudeEstimation) for MPU6050_AttitudeEstimation
    main.o(i.HAL_TIM_PeriodElapsedCallback) refers to f2d.o(.text) for __aeabi_f2d
    main.o(i.HAL_TIM_PeriodElapsedCallback) refers to __2snprintf.o(.text) for __2snprintf
    main.o(i.HAL_TIM_PeriodElapsedCallback) refers to stm32g0xx_hal_uart.o(i.HAL_UART_Transmit) for HAL_UART_Transmit
    main.o(i.HAL_TIM_PeriodElapsedCallback) refers to mpu6050.o(.bss) for MPU6050
    main.o(i.HAL_TIM_PeriodElapsedCallback) refers to mpu6050.o(.data) for Yaw_Angle_C
    main.o(i.HAL_TIM_PeriodElapsedCallback) refers to main.o(.bss) for huart1
    main.o(i.MX_ADC1_Init) refers to stm32g0xx_hal_adc.o(i.HAL_ADC_Init) for HAL_ADC_Init
    main.o(i.MX_ADC1_Init) refers to main.o(i.Error_Handler) for Error_Handler
    main.o(i.MX_ADC1_Init) refers to stm32g0xx_hal_adc.o(i.HAL_ADC_ConfigChannel) for HAL_ADC_ConfigChannel
    main.o(i.MX_ADC1_Init) refers to main.o(.bss) for hadc1
    main.o(i.MX_DMA_Init) refers to stm32g0xx_hal_cortex.o(i.HAL_NVIC_SetPriority) for HAL_NVIC_SetPriority
    main.o(i.MX_DMA_Init) refers to stm32g0xx_hal_cortex.o(i.HAL_NVIC_EnableIRQ) for HAL_NVIC_EnableIRQ
    main.o(i.MX_GPIO_Init) refers to rt_memclr.o(.text) for __aeabi_memclr4
    main.o(i.MX_GPIO_Init) refers to stm32g0xx_hal_gpio.o(i.HAL_GPIO_WritePin) for HAL_GPIO_WritePin
    main.o(i.MX_GPIO_Init) refers to stm32g0xx_hal_gpio.o(i.HAL_GPIO_Init) for HAL_GPIO_Init
    main.o(i.MX_I2C2_Init) refers to stm32g0xx_hal_i2c.o(i.HAL_I2C_Init) for HAL_I2C_Init
    main.o(i.MX_I2C2_Init) refers to main.o(i.Error_Handler) for Error_Handler
    main.o(i.MX_I2C2_Init) refers to stm32g0xx_hal_i2c_ex.o(i.HAL_I2CEx_ConfigAnalogFilter) for HAL_I2CEx_ConfigAnalogFilter
    main.o(i.MX_I2C2_Init) refers to stm32g0xx_hal_i2c_ex.o(i.HAL_I2CEx_ConfigDigitalFilter) for HAL_I2CEx_ConfigDigitalFilter
    main.o(i.MX_I2C2_Init) refers to main.o(.bss) for hi2c2
    main.o(i.MX_TIM1_Init) refers to rt_memclr.o(.text) for __aeabi_memclr4
[...]
    i.UART_WaitOnFlagUntilTimeout            0x08007f28   Section        0  stm32g0xx_hal_uart.o(i.UART_WaitOnFlagUntilTimeout)
    i.USART2_IRQHandler                      0x08007fdc   Section        0  stm32g0xx_it.o(i.USART2_IRQHandler)
    i.Update_Control_Input                   0x08007fec   Section        0  control.o(i.Update_Control_Input)
    i.__ARM_common_ll_muluu                  0x08008094   Section        0  btod.o(i.__ARM_common_ll_muluu)
    i.__ARM_common_switch8                   0x080080c4   Section        0  stm32g0xx_hal_dma.o(i.__ARM_common_switch8)
    i.__ARM_fpclassify                       0x080080e0   Section        0  fpclassify.o(i.__ARM_fpclassify)
    i.__MPU6050_Read_Reg                     0x0800810c   Section        0  mpu6050.o(i.__MPU6050_Read_Reg)
    i.__MPU6050_Write_Reg                    0x08008134   Section        0  mpu6050.o(i.__MPU6050_Write_Reg)
    i.__NVIC_SetPriority                     0x0800815c   Section        0  stm32g0xx_hal_cortex.o(i.__NVIC_SetPriority)
    __NVIC_SetPriority                       0x0800815d   Thumb Code   110  stm32g0xx_hal_cortex.o(i.__NVIC_SetPriority)
    i.__get_PRIMASK                          0x080081d4   Section        0  stm32g0xx_hal_uart.o(i.__get_PRIMASK)
    __get_PRIMASK                            0x080081d5   Thumb Code     6  stm32g0xx_hal_uart.o(i.__get_PRIMASK)
    i.__kernel_poly                          0x080081da   Section        0  poly.o(i.__kernel_poly)
    i.__mathlib_dbl_infnan                   0x08008286   Section        0  dunder.o(i.__mathlib_dbl_infnan)
    i.__mathlib_dbl_infnan2                  0x08008290   Section        0  dunder.o(i.__mathlib_dbl_infnan2)
    i.__mathlib_dbl_underflow                0x08008298   Section        0  dunder.o(i.__mathlib_dbl_underflow)
    i.__set_PRIMASK                          0x080082ac   Section        0  stm32g0xx_hal_uart.o(i.__set_PRIMASK)
    __set_PRIMASK                            0x080082ad   Thumb Code     6  stm32g0xx_hal_uart.o(i.__set_PRIMASK)
    i._is_digit                              0x080082b2   Section        0  __printf_wp.o(i._is_digit)
    i.atan                                   0x080082c0   Section        0  atan.o(i.atan)
    i.atan2                                  0x080084dc   Section        0  atan2.o(i.atan2)
    i.buletooth_StartReceiveIT               0x08008654   Section        0  buletooth.o(i.buletooth_StartReceiveIT)
    i.buletooth_sendbyte                     0x0800866c   Section        0  buletooth.o(i.buletooth_sendbyte)
    i.handle_command                         0x08008684   Section        0  control.o(i.handle_command)
    i.main                                   0x08008758   Section        0  main.o(i.main)
    locale$$code                             0x080088a4   Section       44  lc_numeric_c.o(locale$$code)
    x$fpl$drleqf                             0x080088d0   Section      104  drlef.o(x$fpl$drleqf)
    x$fpl$fadd                               0x08008938   Section      140  faddsub.o(x$fpl$fadd)
    _fadd1                                   0x08008945   Thumb Code     0  faddsub.o(x$fpl$fadd)
    x$fpl$fmul                               0x080089c4   Section      176  fmul.o(x$fpl$fmul)
    x$fpl$fsub                               0x08008a74   Section      208  faddsub.o(x$fpl$fsub)
    _fsub1                                   0x08008a81   Thumb Code     0  faddsub.o(x$fpl$fsub)
    x$fpl$printf1                            0x08008b44   Section       16  printf1.o(x$fpl$printf1)
    .constdata                               0x08008b54   Section       30  stm32g0xx_hal_uart.o(.constdata)
    x$fpl$usenofp                            0x08008b54   Section        0  usenofp.o(x$fpl$usenofp)
    CHANNEL_OFFSET_TAB                       0x08008b54   Data           5  stm32g0xx_hal_uart.o(.constdata)
    .constdata                               0x08008b72   Section       21  stm32g0xx_hal_uart_ex.o(.constdata)
    CHANNEL_OFFSET_TAB                       0x08008b72   Data           5  stm32g0xx_hal_uart_ex.o(.constdata)
    numerator                                0x08008b77   Data           8  stm32g0xx_hal_uart_ex.o(.constdata)
    denominator                              0x08008b7f   Data           8  stm32g0xx_hal_uart_ex.o(.constdata)
    .constdata                               0x08008b88   Section      104  system_stm32g0xx.o(.constdata)
    CHANNEL_OFFSET_TAB                       0x08008b88   Data           5  system_stm32g0xx.o(.constdata)
    .constdata                               0x08008bf0   Section       40  _printf_hex_int.o(.constdata)
    uc_hextab                                0x08008bf0   Data          20  _printf_hex_int.o(.constdata)
    lc_hextab                                0x08008c04   Data          20  _printf_hex_int.o(.constdata)
    .constdata                               0x08008c18   Section       17  __printf_flags_wp.o(.constdata)
    maptable                                 0x08008c18   Data          17  __printf_flags_wp.o(.constdata)
    .constdata                               0x08008c29   Section      128  ddiv.o(.constdata)
    ddiv_reciptbl                            0x08008c29   Data         128  ddiv.o(.constdata)
    .constdata                               0x08008cb0   Section      152  atan.o(.constdata)
    atanhi                                   0x08008cb0   Data          32  atan.o(.constdata)
    atanlo                                   0x08008cd0   Data          32  atan.o(.constdata)
    aTodd                                    0x08008cf0   Data          40  atan.o(.constdata)
    aTeven                                   0x08008d18   Data          48  atan.o(.constdata)
    .constdata                               0x08008d48   Section        8  qnan.o(.constdata)
    .constdata                               0x08008d50   Section      148  bigflt0.o(.constdata)
    tenpwrs_x                                0x08008d50   Data          60  bigflt0.o(.constdata)
    tenpwrs_i                                0x08008d8c   Data          64  bigflt0.o(.constdata)
    locale$$data                             0x08008e04   Section       28  lc_numeric_c.o(locale$$data)
    __lcnum_c_name                           0x08008e08   Data           2  lc_numeric_c.o(locale$$data)
    __lcnum_c_start                          0x08008e10   Data           0  lc_numeric_c.o(locale$$data)
    __lcnum_c_point                          0x08008e1c   Data           0  lc_numeric_c.o(locale$$data)
    __lcnum_c_thousands                      0x08008e1e   Data           0  lc_numeric_c.o(locale$$data)
    __lcnum_c_grouping                       0x08008e1f   Data           0  lc_numeric_c.o(locale$$data)
    __lcnum_c_end                            0x08008e20   Data           0  lc_numeric_c.o(locale$$data)
    .data                                    0x20000000   Section       10  main.o(.data)
    gyro_orientation                         0x20000000   Data           9  main.o(.data)
    .data                                    0x2000000c   Section        9  stm32g0xx_hal.o(.data)
    .data                                    0x20000018   Section        4  system_stm32g0xx.o(.data)
    .data                                    0x2000001c   Section       52  mpu6050.o(.data)
    pre_yaw                                  0x20000044   Data           4  mpu6050.o(.data)
    pre_roll                                 0x20000048   Data           4  mpu6050.o(.data)
    pre_pitch                                0x2000004c   Data           4  mpu6050.o(.data)
    .data                                    0x20000050   Section      136  control.o(.data)
    gyro_orientation                         0x20000050   Data           9  control.o(.data)
    .bss                                     0x200000d8   Section      816  main.o(.bss)
    .bss                                     0x20000408   Section       12  mpu6050.o(.bss)
    .bss                                     0x20000414   Section       12  control.o(.bss)
    .bss                                     0x20000420   Section       96  libspace.o(.bss)
    HEAP                                     0x20000480   Section      512  startup_stm32g030xx.o(HEAP)
    Heap_Mem                                 0x20000480   Data         512  startup_stm32g030xx.o(HEAP)
    STACK                                    0x20000680   Section     1024  startup_stm32g030xx.o(STACK)
    Stack_Mem                                0x20000680   Data        1024  startup_stm32g030xx.o(STACK)
    __initial_sp                             0x20000a80   Data           0  startup_stm32g030xx.o(STACK)

    Global Symbols

    Symbol Name                              Value     Ov Type        Size  Object(Section)

    BuildAttributes$$THM_ISAv3M$S$PE$A:L22$X:L11$S22$IEEE1$IW$USESV6$~STKCKD$USESV7$~SHL$OTIME$ROPI$IEEEX$EBA8$UX$STANDARDLIB$REQ8$PRES8$EABIv2 0x00000000   Number         0  anon$$obj.o ABSOLUTE
    __ARM_use_no_argv                        0x00000000   Number         0  main.o ABSOLUTE
    _printf_flags                            0x00000000   Number         0  printf_stubs.o ABSOLUTE
    _printf_return_value                     0x00000000   Number         0  printf_stubs.o ABSOLUTE
    _printf_sizespec                         0x00000000   Number         0  printf_stubs.o ABSOLUTE
    _printf_widthprec                        0x00000000   Number         0  printf_stubs.o ABSOLUTE
    __ARM_exceptions_init                     - Undefined Weak Reference
    __alloca_initialize                       - Undefined Weak Reference
    __arm_preinit_                            - Undefined Weak Reference
    __cpp_initialize__aeabi_                  - Undefined Weak Reference
    __cxa_finalize                            - Undefined Weak Reference
    __sigvec_lookup                           - Undefined Weak Reference
    __user_heap_extent                        - Undefined Weak Reference
    _atexit_init                              - Undefined Weak Reference
    _call_atexit_fns                          - Undefined Weak Reference
    _clock_init                               - Undefined Weak Reference
    _fp_trap_init                             - Undefined Weak Reference
    _fp_trap_shutdown                         - Undefined Weak Reference
    _get_lc_collate                           - Undefined Weak Reference
    _get_lc_ctype                             - Undefined Weak Reference
    _get_lc_monetary                          - Undefined Weak Reference
    _get_lc_time                              - Undefined Weak Reference
    _getenv_init                              - Undefined Weak Reference
    _handle_redirection                       - Undefined Weak Reference
    _mutex_acquire                            - Undefined Weak Reference
    _mutex_free                               - Undefined Weak Reference
    _mutex_release                            - Undefined Weak Reference
    _printf_truncate_signed                   - Undefined Weak Reference
    _printf_truncate_unsigned                 - Undefined Weak Reference
    _rand_init                                - Undefined Weak Reference
    _signal_finish                            - Undefined Weak Reference
    _signal_init                              - Undefined Weak Reference
    __Vectors_Size                           0x000000c0   Number         0  startup_stm32g030xx.o ABSOLUTE
    __Vectors                                0x08000000   Data           4  startup_stm32g030xx.o(RESET)
    __Vectors_End                            0x080000c0   Data           0  startup_stm32g030xx.o(RESET)
    __main                                   0x080000c1   Thumb Code     8  __main.o(!!!main)
    __scatterload                            0x080000c9   Thumb Code     0  __scatter.o(!!!scatter)
    __scatterload_rt2                        0x080000c9   Thumb Code    52  __scatter.o(!!!scatter)
    __scatterload_rt2_thumb_only             0x080000c9   Thumb Code     0  __scatter.o(!!!scatter)
    __scatterload_null                       0x080000d9   Thumb Code     0  __scatter.o(!!!scatter)
    __scatterload_copy                       0x08000105   Thumb Code    26  __scatter_copy.o(!!handler_copy)
    __scatterload_zeroinit                   0x08000121   Thumb Code    28  __scatter_zi.o(!!handler_zi)
    _printf_percent                          0x0800013d   Thumb Code     0  _printf_percent.o(.ARM.Collect$$_printf_percent$$00000000)
    _printf_f                                0x0800013f   Thumb Code     0  _printf_f.o(.ARM.Collect$$_printf_percent$$00000003)
    _printf_x                                0x08000149   Thumb Code     0  _printf_x.o(.ARM.Collect$$_printf_percent$$0000000C)
    _printf_percent_end                      0x08000153   Thumb Code     0  _printf_percent_end.o(.ARM.Collect$$_printf_percent$$00000017)
    __rt_lib_init                            0x08000157   Thumb Code     0  libinit.o(.ARM.Collect$$libinit$$00000000)
    __rt_lib_init_fp_1                       0x08000159   Thumb Code     0  libinit2.o(.ARM.Collect$$libinit$$00000002)
    __rt_lib_init_heap_1                     0x08000159   Thumb Code     0  libinit2.o(.ARM.Collect$$libinit$$0000000A)
    __rt_lib_init_lc_common                  0x08000159   Thumb Code     0  libinit2.o(.ARM.Collect$$libinit$$0000000F)
    __rt_lib_init_preinit_1                  0x08000159   Thumb Code     0  libinit2.o(.ARM.Collect$$libinit$$00000004)
    __rt_lib_init_rand_1                     0x08000159   Thumb Code     0  libinit2.o(.ARM.Collect$$libinit$$0000000E)
    __rt_lib_init_user_alloc_1               0x08000159   Thumb Code     0  libinit2.o(.ARM.Collect$$libinit$$0000000C)
    __rt_lib_init_lc_collate_1               0x0800015f   Thumb Code     0  libinit2.o(.ARM.Collect$$libinit$$00000011)
    __rt_lib_init_lc_ctype_1                 0x0800015f   Thumb Code     0  libinit2.o(.ARM.Collect$$libinit$$00000013)
    __rt_lib_init_lc_monetary_1              0x0800015f   Thumb Code     0  libinit2.o(.ARM.Collect$$libinit$$00000015)
    __rt_lib_init_lc_numeric_2               0x0800015f   Thumb Code     0  libinit2.o(.ARM.Collect$$libinit$$00000016)
    __rt_lib_init_alloca_1                   0x08000169   Thumb Code     0  libinit2.o(.ARM.Collect$$libinit$$0000002E)
    __rt_lib_init_argv_1                     0x08000169   Thumb Code     0  libinit2.o(.ARM.Collect$$libinit$$0000002C)
    __rt_lib_init_atexit_1                   0x08000169   Thumb Code     0  libinit2.o(.ARM.Collect$$libinit$$0000001B)
    __rt_lib_init_clock_1                    0x08000169   Thumb Code     0  libinit2.o(.ARM.Collect$$libinit$$00000021)
    __rt_lib_init_cpp_1                      0x08000169   Thumb Code     0  libinit2.o(.ARM.Collect$$libinit$$00000032)
    __rt_lib_init_exceptions_1               0x08000169   Thumb Code     0  libinit2.o(.ARM.Collect$$libinit$$00000030)
    __rt_lib_init_fp_trap_1                  0x08000169   Thumb Code     0  libinit2.o(.ARM.Collect$$libinit$$0000001F)
    __rt_lib_init_getenv_1                   0x08000169   Thumb Code     0  libinit2.o(.ARM.Collect$$libinit$$00000023)
    __rt_lib_init_lc_numeric_1               0x08000169   Thumb Code     0  libinit2.o(.ARM.Collect$$libinit$$00000017)
    __rt_lib_init_lc_time_1                  0x08000169   Thumb Code     0  libinit2.o(.ARM.Collect$$libinit$$00000019)
    __rt_lib_init_return                     0x08000169   Thumb Code     0  libinit2.o(.ARM.Collect$$libinit$$00000033)
    __rt_lib_init_signal_1                   0x08000169   Thumb Code     0  libinit2.o(.ARM.Collect$$libinit$$0000001D)
    __rt_lib_init_stdio_1                    0x08000169   Thumb Code     0  libinit2.o(.ARM.Collect$$libinit$$00000025)
    __rt_lib_shutdown                        0x0800016b   Thumb Code     0  libshutdown.o(.ARM.Collect$$libshutdown$$00000000)
    __rt_lib_shutdown_cpp_1                  0x0800016d   Thumb Code     0  libshutdown2.o(.ARM.Collect$$libshutdown$$00000002)
    __rt_lib_shutdown_fp_trap_1              0x0800016d   Thumb Code     0  libshutdown2.o(.ARM.Collect$$libshutdown$$00000007)
    __rt_lib_shutdown_heap_1                 0x0800016d   Thumb Code     0  libshutdown2.o(.ARM.Collect$$libshutdown$$0000000F)
    __rt_lib_shutdown_return                 0x0800016d   Thumb Code     0  libshutdown2.o(.ARM.Collect$$libshutdown$$00000010)
    __rt_lib_shutdown_signal_1               0x0800016d   Thumb Code     0  libshutdown2.o(.ARM.Collect$$libshutdown$$0000000A)
    __rt_lib_shutdown_stdio_1                0x0800016d   Thumb Code     0  libshutdown2.o(.ARM.Collect$$libshutdown$$00000004)
    __rt_lib_shutdown_user_alloc_1           0x0800016d   Thumb Code     0  libshutdown2.o(.ARM.Collect$$libshutdown$$0000000C)
    __rt_entry                               0x0800016f   Thumb Code     0  __rtentry.o(.ARM.Collect$$rtentry$$00000000)
    __rt_entry_presh_1                       0x0800016f   Thumb Code     0  __rtentry2.o(.ARM.Collect$$rtentry$$00000002)
    __rt_entry_sh                            0x0800016f   Thumb Code     0  __rtentry4.o(.ARM.Collect$$rtentry$$00000004)
    __rt_entry_li                            0x08000175   Thumb Code     0  __rtentry2.o(.ARM.Collect$$rtentry$$0000000A)
    __rt_entry_postsh_1                      0x08000175   Thumb Code     0  __rtentry2.o(.ARM.Collect$$rtentry$$00000009)
    __rt_entry_main                          0x08000179   Thumb Code     0  __rtentry2.o(.ARM.Collect$$rtentry$$0000000D)
    __rt_entry_postli_1                      0x08000179   Thumb Code     0  __rtentry2.o(.ARM.Collect$$rtentry$$0000000C)
    __rt_exit                                0x08000181   Thumb Code     0  rtexit.o(.ARM.Collect$$rtexit$$00000000)
    __rt_exit_ls                             0x08000183   Thumb Code     0  rtexit2.o(.ARM.Collect$$rtexit$$00000003)
    __rt_exit_prels_1                        0x08000183   Thumb Code     0  rtexit2.o(.ARM.Collect$$rtexit$$00000002)
    __rt_exit_exit                           0x08000187   Thumb Code     0  rtexit2.o(.ARM.Collect$$rtexit$$00000004)
    __aeabi_memcpy4                          0x0800018d   Thumb Code    56  rt_memcpy.o(.emb_text)
    __aeabi_memcpy8                          0x0800018d   Thumb Code     0  rt_memcpy.o(.emb_text)
    Reset_Handler                            0x080001c5   Thumb Code     8  startup_stm32g030xx.o(.text)
    ADC1_IRQHandler                          0x080001d7   Thumb Code     0  startup_stm32g030xx.o(.text)
    DMA1_Ch4_5_DMAMUX1_OVR_IRQHandler        0x080001d7   Thumb Code     0  startup_stm32g030xx.o(.text)
    EXTI0_1_IRQHandler                       0x080001d7   Thumb Code     0  startup_stm32g030xx.o(.text)
    EXTI2_3_IRQHandler                       0x080001d7   Thumb Code     0  startup_stm32g030xx.o(.text)
    EXTI4_15_IRQHandler                      0x080001d7   Thumb Code     0  startup_stm32g030xx.o(.text)
    FLASH_IRQHandler                         0x080001d7   Thumb Code     0  startup_stm32g030xx.o(.text)
    I2C1_IRQHandler                          0x080001d7   Thumb Code     0  startup_stm32g030xx.o(.text)
    RCC_IRQHandler                           0x080001d7   Thumb Code     0  startup_stm32g030xx.o(.text)
    RTC_TAMP_IRQHandler                      0x080001d7   Thumb Code     0  startup_stm32g030xx.o(.text)
    SPI1_IRQHandler                          0x080001d7   Thumb Code     0  startup_stm32g030xx.o(.text)
    SPI2_IRQHandler                          0x080001d7   Thumb Code     0  startup_stm32g030xx.o(.text)
    TIM14_IRQHandler                         0x080001d7   Thumb Code     0  startup_stm32g030xx.o(.text)
    TIM16_IRQHandler                         0x080001d7   Thumb Code     0  startup_stm32g030xx.o(.text)
    TIM17_IRQHandler                         0x080001d7   Thumb Code     0  startup_stm32g030xx.o(.text)
    USART1_IRQHandler                        0x080001d7   Thumb Code     0  startup_stm32g030xx.o(.text)
    WWDG_IRQHandler                          0x080001d7   Thumb Code     0  startup_stm32g030xx.o(.text)
    __user_initial_stackheap                 0x080001d9   Thumb Code     0  startup_stm32g030xx.o(.text)
    __2sprintf                               0x080001fd   Thumb Code    40  __2sprintf.o(.text)
    __2snprintf                              0x08000229   Thumb Code    54  __2snprintf.o(.text)
    _printf_pre_padding                      0x08000265   Thumb Code    44  _printf_pad.o(.text)
    _printf_post_padding                     0x08000291   Thumb Code    34  _printf_pad.o(.text)
    _printf_int_hex                          0x080002b5   Thumb Code    84  _printf_hex_int.o(.text)
    _printf_longlong_hex                     0x080002b5   Thumb Code     0  _printf_hex_int.o(.text)
    __printf                                 0x0800030d   Thumb Code   306  __printf_flags_wp.o(.text)
    strlen                                   0x08000445   Thumb Code    62  strlen.o(.text)
    __aeabi_memcpy                           0x08000489   Thumb Code   130  rt_memcpy.o(.text)
    __rt_memcpy                              0x08000489   Thumb Code     0  rt_memcpy.o(.text)
    _memset_w                                0x0800050b   Thumb Code    26  rt_memclr.o(.text)
    _memset                                  0x08000525   Thumb Code    30  rt_memclr.o(.text)
    __aeabi_memclr                           0x08000543   Thumb Code     4  rt_memclr.o(.text)
    __rt_memclr                              0x08000543   Thumb Code     0  rt_memclr.o(.text)
    __aeabi_memclr4                          0x08000547   Thumb Code     0  rt_memclr.o(.text)
    __aeabi_memclr8                          0x08000547   Thumb Code     0  rt_memclr.o(.text)
    __rt_memclr_w                            0x08000547   Thumb Code     4  rt_memclr.o(.text)
    __aeabi_uidiv                            0x0800054b   Thumb Code     0  aeabi_sdiv.o(.text)
    __aeabi_uidivmod                         0x0800054b   Thumb Code    20  aeabi_sdiv.o(.text)
    __aeabi_idiv                             0x0800055f   Thumb Code     0  aeabi_sdiv.o(.text)
    __aeabi_idivmod                          0x0800055f   Thumb Code   326  aeabi_sdiv.o(.text)
    __use_two_region_memory                  0x080006a5   Thumb Code     2  heapauxi.o(.text)
    __rt_heap_escrow                         0x080006a7   Thumb Code     2  heapauxi.o(.text)
    __rt_heap_expand                         0x080006a9   Thumb Code     2  heapauxi.o(.text)
    __aeabi_d2f                              0x080006ad   Thumb Code     0  d2f.o(.text)
    _d2f                                     0x080006ad   Thumb Code   120  d2f.o(.text)
    __aeabi_dadd                             0x08000a21   Thumb Code     0  daddsub.o(.text)
    _dadd                                    0x08000a21   Thumb Code    26  daddsub.o(.text)
    __aeabi_dsub                             0x08000a3b   Thumb Code     0  daddsub.o(.text)
    _dsub                                    0x08000a3b   Thumb Code    22  daddsub.o(.text)
    __aeabi_drsub                            0x08000a51   Thumb Code     0  daddsub.o(.text)
    _drsb                                    0x08000a51   Thumb Code    28  daddsub.o(.text)
    __aeabi_ddiv                             0x08000a81   Thumb Code     0  ddiv.o(.text)
    _ddiv                                    0x08000a81   Thumb Code  1072  ddiv.o(.text)
    _drdiv                                   0x08000eb1   Thumb Code    20  ddiv.o(.text)
    __aeabi_dmul                             0x08000ec9   Thumb Code     0  dmul.o(.text)
    _dmul                                    0x08000ec9   Thumb Code   558  dmul.o(.text)
    __aeabi_f2d                              0x08001111   Thumb Code     0  f2d.o(.text)
    _f2d                                     0x08001111   Thumb Code    80  f2d.o(.text)
    __aeabi_f2iz                             0x08001165   Thumb Code     0  ffixi.o(.text)
    _ffix                                    0x08001165   Thumb Code    76  ffixi.o(.text)
    __aeabi_f2uiz                            0x080011b1   Thumb Code     0  ffixui.o(.text)
    _ffixu                                   0x080011b1   Thumb Code    48  ffixui.o(.text)
    __aeabi_i2f_normalise                    0x080011e1   Thumb Code    72  fflti.o(.text)
    __aeabi_i2f                              0x08001229   Thumb Code    16  fflti.o(.text)
    _fflt                                    0x08001229   Thumb Code     0  fflti.o(.text)
    __aeabi_ui2f                             0x08001239   Thumb Code     6  fflti.o(.text)
    _ffltu                                   0x08001239   Thumb Code     0  fflti.o(.text)
    _printf_int_common                       0x0800123f   Thumb Code   176  _printf_intcommon.o(.text)
    __lib_sel_fp_printf                      0x080012f1   Thumb Code     2  _printf_fp_dec.o(.text)
    _printf_fp_dec_real                      0x0800148f   Thumb Code   620  _printf_fp_dec.o(.text)
    _printf_char_common                      0x08001713   Thumb Code    32  _printf_char_common.o(.text)
    _sputc                                   0x08001739   Thumb Code    10  _sputc.o(.text)
    _snputc                                  0x08001743   Thumb Code    16  _snputc.o(.text)
    __rt_udiv10                              0x08001753   Thumb Code    40  rtudiv10.o(.text)
    __fpl_dcmp_InfNaN                        0x0800177d   Thumb Code   140  dcmpin.o(.text)
    __ARM_scalbn                             0x0800180d   Thumb Code    84  dscalbn.o(.text)
    __rt_locale                              0x0800186d   Thumb Code     8  rt_locale_intlibspace.o(.text)
    _ll_udiv10                               0x08001875   Thumb Code   122  lludiv10.o(.text)
    _printf_fp_infnan                        0x080018f1   Thumb Code   120  _printf_fp_infnan.o(.text)
    _btod_etento                             0x08001979   Thumb Code   210  bigflt0.o(.text)
    _btod_d2e                                0x08001a51   Thumb Code    64  btod.o(.text)
    _btod_emul                               0x08001e85   Thumb Code    28  btod.o(.text)
    _btod_emuld                              0x08001ea1   Thumb Code   144  btod.o(.text)
    _btod_ediv                               0x08001f31   Thumb Code    26  btod.o(.text)
    _btod_edivd                              0x08001f4b   Thumb Code   124  btod.o(.text)
    __fpl_cmpreturn                          0x08001fd1   Thumb Code    46  cmpret.o(.text)
    __fpl_dcheck_NaN2                        0x08002001   Thumb Code    14  dnan2.o(.text)
    __user_libspace                          0x08002015   Thumb Code     8  libspace.o(.text)
    __user_perproc_libspace                  0x08002015   Thumb Code     0  libspace.o(.text)
    __user_perthread_libspace                0x08002015   Thumb Code     0  libspace.o(.text)
    __user_setup_stackheap                   0x0800201d   Thumb Code    62  sys_stackheap_outer.o(.text)
    exit                                     0x0800205b   Thumb Code    16  exit.o(.text)
    strcmp                                   0x0800206d   Thumb Code   132  strcmp.o(.text)
    __fpl_return_NaN                         0x080020f5   Thumb Code    94  retnan.o(.text)
    __I$use$semihosting                      0x08002153   Thumb Code     0  use_no_semi.o(.text)
    __use_no_semihosting_swi                 0x08002153   Thumb Code     2  use_no_semi.o(.text)
    __semihosting_library_function           0x08002155   Thumb Code     0  indicate_semi.o(.text)
    _sys_exit                                0x08002155   Thumb Code     8  sys_exit.o(.text)
    Bluetooth_Control_Loop                   0x08002161   Thumb Code    40  control.o(i.Bluetooth_Control_Loop)
    CONTROL                                  0x080021a1   Thumb Code   534  control.o(i.CONTROL)
    DMA1_Channel1_IRQHandler                 0x08002421   Thumb Code    10  stm32g0xx_it.o(i.DMA1_Channel1_IRQHandler)
    DMA1_Channel2_3_IRQHandler               0x08002431   Thumb Code    10  stm32g0xx_it.o(i.DMA1_Channel2_3_IRQHandler)
    Error_Handler                            0x0800249d   Thumb Code     6  main.o(i.Error_Handler)
    HAL_ADC_ConfigChannel                    0x080024a5   Thumb Code   838  stm32g0xx_hal_adc.o(i.HAL_ADC_ConfigChannel)
    HAL_ADC_Init                             0x08002809   Thumb Code   634  stm32g0xx_hal_adc.o(i.HAL_ADC_Init)
    HAL_ADC_MspInit                          0x08002aa1   Thumb Code   112  stm32g0xx_hal_msp.o(i.HAL_ADC_MspInit)
    HAL_DMA_Abort                            0x08002b19   Thumb Code   146  stm32g0xx_hal_dma.o(i.HAL_DMA_Abort)
    HAL_DMA_Abort_IT                         0x08002bb1   Thumb Code   144  stm32g0xx_hal_dma.o(i.HAL_DMA_Abort_IT)
    HAL_DMA_GetState                         0x08002c45   Thumb Code     8  stm32g0xx_hal_dma.o(i.HAL_DMA_GetState)
    HAL_DMA_IRQHandler                       0x08002c4d   Thumb Code   282  stm32g0xx_hal_dma.o(i.HAL_DMA_IRQHandler)
    HAL_DMA_Init                             0x08002d6d   Thumb Code   182  stm32g0xx_hal_dma.o(i.HAL_DMA_Init)
    HAL_Delay                                0x08002e2d   Thumb Code    38  stm32g0xx_hal.o(i.HAL_Delay)
    HAL_GPIO_Init                            0x08002e59   Thumb Code   454  stm32g0xx_hal_gpio.o(i.HAL_GPIO_Init)
    HAL_GPIO_TogglePin                       0x08003031   Thumb Code    20  stm32g0xx_hal_gpio.o(i.HAL_GPIO_TogglePin)
    HAL_GPIO_WritePin                        0x08003045   Thumb Code    12  stm32g0xx_hal_gpio.o(i.HAL_GPIO_WritePin)
    HAL_GetTick                              0x08003051   Thumb Code     6  stm32g0xx_hal.o(i.HAL_GetTick)
    HAL_I2CEx_ConfigAnalogFilter             0x0800305d   Thumb Code   110  stm32g0xx_hal_i2c_ex.o(i.HAL_I2CEx_ConfigAnalogFilter)
    HAL_I2CEx_ConfigDigitalFilter            0x080030cb   Thumb Code   112  stm32g0xx_hal_i2c_ex.o(i.HAL_I2CEx_ConfigDigitalFilter)
    HAL_I2C_AbortCpltCallback                0x0800313b   Thumb Code     2  stm32g0xx_hal_i2c.o(i.HAL_I2C_AbortCpltCallback)
    HAL_I2C_AddrCallback                     0x0800313d   Thumb Code     2  stm32g0xx_hal_i2c.o(i.HAL_I2C_AddrCallback)
    HAL_I2C_ER_IRQHandler                    0x0800313f   Thumb Code   140  stm32g0xx_hal_i2c.o(i.HAL_I2C_ER_IRQHandler)
    HAL_I2C_EV_IRQHandler                    0x080031cb   Thumb Code    30  stm32g0xx_hal_i2c.o(i.HAL_I2C_EV_IRQHandler)
    HAL_I2C_ErrorCallback                    0x080031e9   Thumb Code     2  stm32g0xx_hal_i2c.o(i.HAL_I2C_ErrorCallback)
    HAL_I2C_Init                             0x080031ed   Thumb Code   232  stm32g0xx_hal_i2c.o(i.HAL_I2C_Init)
    HAL_I2C_ListenCpltCallback               0x080032d9   Thumb Code     2  stm32g0xx_hal_i2c.o(i.HAL_I2C_ListenCpltCallback)
    HAL_I2C_Mem_Read                         0x080032dd   Thumb Code   418  stm32g0xx_hal_i2c.o(i.HAL_I2C_Mem_Read)
    HAL_I2C_Mem_Write                        0x08003489   Thumb Code   414  stm32g0xx_hal_i2c.o(i.HAL_I2C_Mem_Write)
    HAL_I2C_MspInit                          0x0800362d   Thumb Code   130  stm32g0xx_hal_msp.o(i.HAL_I2C_MspInit)
    HAL_I2C_SlaveRxCpltCallback              0x080036bd   Thumb Code     2  stm32g0xx_hal_i2c.o(i.HAL_I2C_SlaveRxCpltCallback)
    HAL_I2C_SlaveTxCpltCallback              0x080036bf   Thumb Code     2  stm32g0xx_hal_i2c.o(i.HAL_I2C_SlaveTxCpltCallback)
    HAL_IncTick                              0x080036c1   Thumb Code    16  stm32g0xx_hal.o(i.HAL_IncTick)
    HAL_Init                                 0x080036d9   Thumb Code    40  stm32g0xx_hal.o(i.HAL_Init)
    HAL_InitTick                             0x08003705   Thumb Code    82  stm32g0xx_hal.o(i.HAL_InitTick)
    HAL_MspInit                              0x08003765   Thumb Code    64  stm32g0xx_hal_msp.o(i.HAL_MspInit)
    HAL_NVIC_EnableIRQ                       0x080037a9   Thumb Code    30  stm32g0xx_hal_cortex.o(i.HAL_NVIC_EnableIRQ)
    HAL_NVIC_SetPriority                     0x080037cd   Thumb Code    18  stm32g0xx_hal_cortex.o(i.HAL_NVIC_SetPriority)
    HAL_PWREx_ControlVoltageScaling          0x080037e1   Thumb Code    76  stm32g0xx_hal_pwr_ex.o(i.HAL_PWREx_ControlVoltageScaling)
    HAL_RCCEx_PeriphCLKConfig                0x08003839   Thumb Code   474  stm32g0xx_hal_rcc_ex.o(i.HAL_RCCEx_PeriphCLKConfig)
    HAL_RCC_ClockConfig                      0x08003a21   Thumb Code   442  stm32g0xx_hal_rcc.o(i.HAL_RCC_ClockConfig)
    HAL_RCC_GetHCLKFreq                      0x08003bf5   Thumb Code     6  stm32g0xx_hal_rcc.o(i.HAL_RCC_GetHCLKFreq)
    HAL_RCC_GetPCLK1Freq                     0x08003c01   Thumb Code    32  stm32g0xx_hal_rcc.o(i.HAL_RCC_GetPCLK1Freq)
    HAL_RCC_GetSysClockFreq                  0x08003c29   Thumb Code   216  stm32g0xx_hal_rcc.o(i.HAL_RCC_GetSysClockFreq)
    HAL_RCC_OscConfig                        0x08003d0d   Thumb Code  1434  stm32g0xx_hal_rcc.o(i.HAL_RCC_OscConfig)
    HAL_SYSTICK_Config                       0x080042b9   Thumb Code    46  stm32g0xx_hal_cortex.o(i.HAL_SYSTICK_Config)
    HAL_TIMEx_Break2Callback                 0x080042f1   Thumb Code     2  stm32g0xx_hal_tim_ex.o(i.HAL_TIMEx_Break2Callback)
    HAL_TIMEx_BreakCallback                  0x080042f3   Thumb Code     2  stm32g0xx_hal_tim_ex.o(i.HAL_TIMEx_BreakCallback)
    HAL_TIMEx_CommutCallback                 0x080042f5   Thumb Code     2  stm32g0xx_hal_tim_ex.o(i.HAL_TIMEx_CommutCallback)
    HAL_TIMEx_ConfigBreakDeadTime            0x080042f9   Thumb Code   236  stm32g0xx_hal_tim_ex.o(i.HAL_TIMEx_ConfigBreakDeadTime)
    HAL_TIMEx_MasterConfigSynchronization    0x080043e9   Thumb Code   132  stm32g0xx_hal_tim_ex.o(i.HAL_TIMEx_MasterConfigSynchronization)
    HAL_TIM_Base_Init                        0x08004475   Thumb Code   108  stm32g0xx_hal_tim.o(i.HAL_TIM_Base_Init)
    HAL_TIM_Base_MspInit                     0x080044e1   Thumb Code   132  stm32g0xx_hal_msp.o(i.HAL_TIM_Base_MspInit)
    HAL_TIM_ConfigClockSource                0x08004571   Thumb Code   276  stm32g0xx_hal_tim.o(i.HAL_TIM_ConfigClockSource)
    HAL_TIM_IC_CaptureCallback               0x08004689   Thumb Code     2  stm32g0xx_hal_tim.o(i.HAL_TIM_IC_CaptureCallback)
    HAL_TIM_IRQHandler                       0x0800468d   Thumb Code   416  stm32g0xx_hal_tim.o(i.HAL_TIM_IRQHandler)
    HAL_TIM_MspPostInit                      0x08004831   Thumb Code   138  stm32g0xx_hal_msp.o(i.HAL_TIM_MspPostInit)
    HAL_TIM_OC_DelayElapsedCallback          0x080048c9   Thumb Code     2  stm32g0xx_hal_tim.o(i.HAL_TIM_OC_DelayElapsedCallback)
    HAL_TIM_PWM_ConfigChannel                0x080048cb   Thumb Code   378  stm32g0xx_hal_tim.o(i.HAL_TIM_PWM_ConfigChannel)
    HAL_TIM_PWM_Init                         0x08004a45   Thumb Code   108  stm32g0xx_hal_tim.o(i.HAL_TIM_PWM_Init)
    HAL_TIM_PWM_MspInit                      0x08004ab1   Thumb Code     2  stm32g0xx_hal_tim.o(i.HAL_TIM_PWM_MspInit)
    HAL_TIM_PWM_PulseFinishedCallback        0x08004ab3   Thumb Code     2  stm32g0xx_hal_tim.o(i.HAL_TIM_PWM_PulseFinishedCallback)
    HAL_TIM_PWM_Start                        0x08004ab5   Thumb Code   256  stm32g0xx_hal_tim.o(i.HAL_TIM_PWM_Start)
    HAL_TIM_PeriodElapsedCallback            0x08004bc9   Thumb Code   126  main.o(i.HAL_TIM_PeriodElapsedCallback)
    HAL_TIM_TriggerCallback                  0x08004c79   Thumb Code     2  stm32g0xx_hal_tim.o(i.HAL_TIM_TriggerCallback)
    HAL_UARTEx_DisableFifoMode               0x08004c7b   Thumb Code    84  stm32g0xx_hal_uart_ex.o(i.HAL_UARTEx_DisableFifoMode)
    HAL_UARTEx_RxEventCallback               0x08004ccf   Thumb Code     2  stm32g0xx_hal_uart.o(i.HAL_UARTEx_RxEventCallback)
    HAL_UARTEx_RxFifoFullCallback            0x08004cd1   Thumb Code     2  stm32g0xx_hal_uart_ex.o(i.HAL_UARTEx_RxFifoFullCallback)
    HAL_UARTEx_SetRxFifoThreshold            0x08004cd3   Thumb Code    96  stm32g0xx_hal_uart_ex.o(i.HAL_UARTEx_SetRxFifoThreshold)
    HAL_UARTEx_SetTxFifoThreshold            0x08004d33   Thumb Code    94  stm32g0xx_hal_uart_ex.o(i.HAL_UARTEx_SetTxFifoThreshold)
    HAL_UARTEx_TxFifoEmptyCallback           0x08004d91   Thumb Code     2  stm32g0xx_hal_uart_ex.o(i.HAL_UARTEx_TxFifoEmptyCallback)
    HAL_UARTEx_WakeupCallback                0x08004d93   Thumb Code     2  stm32g0xx_hal_uart_ex.o(i.HAL_UARTEx_WakeupCallback)
    HAL_UART_ErrorCallback                   0x08004d95   Thumb Code     2  stm32g0xx_hal_uart.o(i.HAL_UART_ErrorCallback)
    HAL_UART_IRQHandler                      0x08004d99   Thumb Code  1094  stm32g0xx_hal_uart.o(i.HAL_UART_IRQHandler)
    HAL_UART_Init                            0x080051df   Thumb Code   130  stm32g0xx_hal_uart.o(i.HAL_UART_Init)
    HAL_UART_MspInit                         0x08005261   Thumb Code   388  stm32g0xx_hal_msp.o(i.HAL_UART_MspInit)
    HAL_UART_Receive_IT                      0x080053fd   Thumb Code   126  stm32g0xx_hal_uart.o(i.HAL_UART_Receive_IT)
    HAL_UART_RxCpltCallback                  0x0800547d   Thumb Code    38  buletooth.o(i.HAL_UART_RxCpltCallback)
    HAL_UART_Transmit                        0x080054b1   Thumb Code   242  stm32g0xx_hal_uart.o(i.HAL_UART_Transmit)
    HAL_UART_TxCpltCallback                  0x080055a3   Thumb Code     2  stm32g0xx_hal_uart.o(i.HAL_UART_TxCpltCallback)
    HardFault_Handler                        0x080055a5   Thumb Code     4  stm32g0xx_it.o(i.HardFault_Handler)
    I2C2_IRQHandler                          0x080055a9   Thumb Code    34  stm32g0xx_it.o(i.I2C2_IRQHandler)
    MPU6050_AttitudeEstimation               0x08006215   Thumb Code   770  mpu6050.o(i.MPU6050_AttitudeEstimation)
    MPU6050_Call                             0x08006585   Thumb Code   124  mpu6050.o(i.MPU6050_Call)
    MPU6050_GetData                          0x08006649   Thumb Code   174  mpu6050.o(i.MPU6050_GetData)
    MPU6050_Init                             0x080066f7   Thumb Code    52  mpu6050.o(i.MPU6050_Init)
    Moto_PwmRflash                           0x08006b65   Thumb Code    82  control.o(i.Moto_PwmRflash)
    NMI_Handler                              0x08006bbd   Thumb Code     4  stm32g0xx_it.o(i.NMI_Handler)
    PendSV_Handler                           0x08006bc1   Thumb Code     2  stm32g0xx_it.o(i.PendSV_Handler)
    Pid_init                                 0x08006bc5   Thumb Code    94  control.o(i.Pid_init)
    SVC_Handler                              0x08006c79   Thumb Code     2  stm32g0xx_it.o(i.SVC_Handler)
    SysTick_Handler                          0x08006c7b   Thumb Code     8  stm32g0xx_it.o(i.SysTick_Handler)
    SystemClock_Config                       0x08006c83   Thumb Code   118  main.o(i.SystemClock_Config)
    SystemInit                               0x08006cf9   Thumb Code     2  system_stm32g0xx.o(i.SystemInit)
    TIM1_BRK_UP_TRG_COM_IRQHandler           0x08006cfd   Thumb Code    10  stm32g0xx_it.o(i.TIM1_BRK_UP_TRG_COM_IRQHandler)
    TIM1_CC_IRQHandler                       0x08006d0d   Thumb Code    10  stm32g0xx_it.o(i.TIM1_CC_IRQHandler)
    TIM3_IRQHandler                          0x08006d1d   Thumb Code    10  stm32g0xx_it.o(i.TIM3_IRQHandler)
    TIM_Base_SetConfig                       0x08006d2d   Thumb Code   140  stm32g0xx_hal_tim.o(i.TIM_Base_SetConfig)
    TIM_CCxChannelCmd                        0x08006dcd   Thumb Code    34  stm32g0xx_hal_tim.o(i.TIM_CCxChannelCmd)
    TIM_ETR_SetConfig                        0x08006def   Thumb Code    28  stm32g0xx_hal_tim.o(i.TIM_ETR_SetConfig)
    TIM_OC2_SetConfig                        0x08006ec1   Thumb Code   156  stm32g0xx_hal_tim.o(i.TIM_OC2_SetConfig)
    UART_AdvFeatureConfig                    0x08007225   Thumb Code   240  stm32g0xx_hal_uart.o(i.UART_AdvFeatureConfig)
    UART_CheckIdleState                      0x08007315   Thumb Code   254  stm32g0xx_hal_uart.o(i.UART_CheckIdleState)
    UART_SetConfig                           0x08007ba5   Thumb Code   452  stm32g0xx_hal_uart.o(i.UART_SetConfig)
    UART_Start_Receive_IT                    0x08007d89   Thumb Code   396  stm32g0xx_hal_uart.o(i.UART_Start_Receive_IT)
    UART_WaitOnFlagUntilTimeout              0x08007f29   Thumb Code   180  stm32g0xx_hal_uart.o(i.UART_WaitOnFlagUntilTimeout)
    USART2_IRQHandler                        0x08007fdd   Thumb Code    10  stm32g0xx_it.o(i.USART2_IRQHandler)
    Update_Control_Input                     0x08007fed   Thumb Code   138  control.o(i.Update_Control_Input)
    __ARM_common_ll_muluu                    0x08008095   Thumb Code    48  btod.o(i.__ARM_common_ll_muluu)
    __ARM_common_switch8                     0x080080c5   Thumb Code    28  stm32g0xx_hal_dma.o(i.__ARM_common_switch8)
    __ARM_fpclassify                         0x080080e1   Thumb Code    40  fpclassify.o(i.__ARM_fpclassify)
    __MPU6050_Read_Reg                       0x0800810d   Thumb Code    36  mpu6050.o(i.__MPU6050_Read_Reg)
    __MPU6050_Write_Reg                      0x08008135   Thumb Code    34  mpu6050.o(i.__MPU6050_Write_Reg)
    __kernel_poly                            0x080081db   Thumb Code   172  poly.o(i.__kernel_poly)
    __mathlib_dbl_infnan                     0x08008287   Thumb Code    10  dunder.o(i.__mathlib_dbl_infnan)
    __mathlib_dbl_infnan2                    0x08008291   Thumb Code     8  dunder.o(i.__mathlib_dbl_infnan2)
    __mathlib_dbl_underflow                  0x08008299   Thumb Code    14  dunder.o(i.__mathlib_dbl_underflow)
    _is_digit                                0x080082b3   Thumb Code    14  __printf_wp.o(i._is_digit)
    atan                                     0x080082c1   Thumb Code   472  atan.o(i.atan)
    atan2                                    0x080084dd   Thumb Code   334  atan2.o(i.atan2)
    buletooth_StartReceiveIT                 0x08008655   Thumb Code    14  buletooth.o(i.buletooth_StartReceiveIT)
    buletooth_sendbyte                       0x0800866d   Thumb Code    16  buletooth.o(i.buletooth_sendbyte)
    handle_command                           0x08008685   Thumb Code   204  control.o(i.handle_command)
    main                                     0x08008759   Thumb Code   262  main.o(i.main)
    _get_lc_numeric                          0x080088a5   Thumb Code    44  lc_numeric_c.o(locale$$code)
    __aeabi_cdrcmple                         0x080088d1   Thumb Code     0  drlef.o(x$fpl$drleqf)
    _drcmple                                 0x080088d1   Thumb Code   100  drlef.o(x$fpl$drleqf)
    __aeabi_fadd                             0x08008939   Thumb Code     0  faddsub.o(x$fpl$fadd)
    _fadd                                    0x08008939   Thumb Code   134  faddsub.o(x$fpl$fadd)
    __aeabi_fmul                             0x080089c5   Thumb Code     0  fmul.o(x$fpl$fmul)
    _fmul                                    0x080089c5   Thumb Code   172  fmul.o(x$fpl$fmul)
    __aeabi_fsub                             0x08008a75   Thumb Code     0  faddsub.o(x$fpl$fsub)
    _fsub                                    0x08008a75   Thumb Code   204  faddsub.o(x$fpl$fsub)
    _printf_fp_dec                           0x08008b45   Thumb Code    16  printf1.o(x$fpl$printf1)
    __I$use$fp                               0x08008b54   Number         0  usenofp.o(x$fpl$usenofp)
    UARTPrescTable                           0x08008b5a   Data          24  stm32g0xx_hal_uart.o(.constdata)
    AHBPrescTable                            0x08008b90   Data          64  system_stm32g0xx.o(.constdata)
    APBPrescTable                            0x08008bd0   Data          32  system_stm32g0xx.o(.constdata)
    __mathlib_zero                           0x08008d48   Data           8  qnan.o(.constdata)
    Region$$Table$$Base                      0x08008de4   Number         0  anon$$obj.o(Region$$Table)
    Region$$Table$$Limit                     0x08008e04   Number         0  anon$$obj.o(Region$$Table)
    rx_data                                  0x20000009   Data           1  main.o(.data)
    uwTick                                   0x2000000c   Data           4  stm32g0xx_hal.o(.data)
    uwTickPrio                               0x20000010   Data           4  stm32g0xx_hal.o(.data)
    uwTickFreq                               0x20000014   Data           1  stm32g0xx_hal.o(.data)
    SystemCoreClock                          0x20000018   Data           4  system_stm32g0xx.o(.data)
    Yaw_Angle_C                              0x2000001c   Data           4  mpu6050.o(.data)
    Pitch_Angle_C                            0x20000020   Data           4  mpu6050.o(.data)
    Roll_Angle_C                             0x20000024   Data           4  mpu6050.o(.data)
    yaw_a                                    0x20000028   Data           4  mpu6050.o(.data)
    pitch_a                                  0x2000002c   Data           4  mpu6050.o(.data)
    roll_a                                   0x20000030   Data           4  mpu6050.o(.data)
    yaw_g                                    0x20000034   Data           4  mpu6050.o(.data)
    pitch_g                                  0x20000038   Data           4  mpu6050.o(.data)
    roll_g                                   0x2000003c   Data           4  mpu6050.o(.data)
    Read_buf                                 0x20000040   Data           2  mpu6050.o(.data)
    Roll_Angle_Ex                            0x2000005c   Data           4  control.o(.data)
    Pitch_Angle_Ex                           0x20000060   Data           4  control.o(.data)
    Yaw_Angle_Ex                             0x20000064   Data           4  control.o(.data)
    Roll_P                                   0x20000068   Data           4  control.o(.data)
    Roll_I                                   0x2000006c   Data           4  control.o(.data)
    Roll_D                                   0x20000070   Data           4  control.o(.data)
    Roll_Pout                                0x20000074   Data           4  control.o(.data)
    Roll_Iout                                0x20000078   Data           4  control.o(.data)
    Roll_Dout                                0x2000007c   Data           4  control.o(.data)
    Roll_Out                                 0x20000080   Data           4  control.o(.data)
    Pitch_P                                  0x20000084   Data           4  control.o(.data)
    Pitch_I                                  0x20000088   Data           4  control.o(.data)
    Pitch_D                                  0x2000008c   Data           4  control.o(.data)
    Pitch_Pout                               0x20000090   Data           4  control.o(.data)
    Pitch_Iout                               0x20000094   Data           4  control.o(.data)
    Pitch_Dout                               0x20000098   Data           4  control.o(.data)
    Pitch_Out                                0x2000009c   Data           4  control.o(.data)
    Yaw_P                                    0x200000a0   Data           4  control.o(.data)
    Yaw_I                                    0x200000a4   Data           4  control.o(.data)
    Yaw_D                                    0x200000a8   Data           4  control.o(.data)
    Yaw_Pout                                 0x200000ac   Data           4  control.o(.data)
    Yaw_Iout                                 0x200000b0   Data           4  control.o(.data)
    Yaw_Dout                                 0x200000b4   Data           4  control.o(.data)
    Yaw_Out                                  0x200000b8   Data           4  control.o(.data)
    Old_Roll                                 0x200000bc   Data           4  control.o(.data)
    Old_Pitch                                0x200000c0   Data           4  control.o(.data)
    Old_Yaw                                  0x200000c4   Data           4  control.o(.data)
    motor1                                   0x200000c8   Data           2  control.o(.data)
    motor2                                   0x200000ca   Data           2  control.o(.data)
    motor3                                   0x200000cc   Data           2  control.o(.data)
    motor4                                   0x200000ce   Data           2  control.o(.data)
    THROTTLE                                 0x200000d0   Data           2  control.o(.data)
    cal_imu                                  0x200000d4   Data           4  control.o(.data)
    hadc1                                    0x200000d8   Data         100  main.o(.bss)
    hi2c2                                    0x2000013c   Data          84  main.o(.bss)
    htim1                                    0x20000190   Data          76  main.o(.bss)
    htim3                                    0x200001dc   Data          76  main.o(.bss)
    huart1                                   0x20000228   Data         148  main.o(.bss)
    huart2                                   0x200002bc   Data         148  main.o(.bss)
    hdma_usart2_rx                           0x20000350   Data          92  main.o(.bss)
    hdma_usart2_tx                           0x200003ac   Data          92  main.o(.bss)
    MPU6050                                  0x20000408   Data          12  mpu6050.o(.bss)
    drone_state                              0x20000414   Data          12  control.o(.bss)
    __libspace_start                         0x20000420   Data          96  libspace.o(.bss)
    __temporary_stack_top$libspace           0x20000480   Data           0  libspace.o(.bss)



==============================================================================

Memory Map of the image

  Image Entry point : 0x080000c1

  Load Region LR_IROM1 (Base: 0x08000000, Size: 0x00008ef8, Max: 0x00010000, ABSOLUTE)

    Execution Region ER_IROM1 (Exec base: 0x08000000, Load base: 0x08000000, Size: 0x00008e20, Max: 0x00010000, ABSOLUTE)

    Exec Addr    Load Addr    Size         Type   Attr      Idx    E Section Name        Object

    0x08000000   0x08000000   0x000000c0   Data   RO            3    RESET               startup_stm32g030xx.o
    0x080000c0   0x080000c0   0x00000008   Code   RO         4872  * !!!main             c_p.l(__main.o)
    0x080000c8   0x080000c8   0x0000003c   Code   RO         5380    !!!scatter          c_p.l(__scatter.o)
    0x08000104   0x08000104   0x0000001a   Code   RO         5382    !!handler_copy      c_p.l(__scatter_copy.o)
    0x0800011e   0x0800011e   0x00000002   PAD
    0x08000120   0x08000120   0x0000001c   Code   RO         5384    !!handler_zi        c_p.l(__scatter_zi.o)
    0x0800013c   0x0800013c   0x00000002   Code   RO         4853    .ARM.Collect$$_printf_percent$$00000000  c_p.l(_printf_percent.o)
    0x0800013e   0x0800013e   0x0000000a   Code   RO         4852    .ARM.Collect$$_printf_percent$$00000003  c_p.l(_printf_f.o)
    0x08000148   0x08000148   0x0000000a   Code   RO         4850    .ARM.Collect$$_printf_percent$$0000000C  c_p.l(_printf_x.o)
    0x08000152   0x08000152   0x00000004   Code   RO         4953    .ARM.Collect$$_printf_percent$$00000017  c_p.l(_printf_percent_end.o)
    0x08000156   0x08000156   0x00000002   Code   RO         5178    .ARM.Collect$$libinit$$00000000  c_p.l(libinit.o)
    0x08000158   0x08000158   0x00000000   Code   RO         5180    .ARM.Collect$$libinit$$00000002  c_p.l(libinit2.o)
    0x08000158   0x08000158   0x00000000   Code   RO         5182    .ARM.Collect$$libinit$$00000004  c_p.l(libinit2.o)
    0x08000158   0x08000158   0x00000000   Code   RO         5185    .ARM.Collect$$libinit$$0000000A  c_p.l(libinit2.o)
    0x08000158   0x08000158   0x00000000   Code   RO         5187    .ARM.Collect$$libinit$$0000000C  c_p.l(libinit2.o)
    0x08000158   0x08000158   0x00000000   Code   RO         5189    .ARM.Collect$$libinit$$0000000E  c_p.l(libinit2.o)
    0x08000158   0x08000158   0x00000006   Code   RO         5190    .ARM.Collect$$libinit$$0000000F  c_p.l(libinit2.o)
    0x0800015e   0x0800015e   0x00000000   Code   RO         5192    .ARM.Collect$$libinit$$00000011  c_p.l(libinit2.o)
    0x0800015e   0x0800015e   0x00000000   Code   RO         5194    .ARM.Collect$$libinit$$00000013  c_p.l(libinit2.o)
    0x0800015e   0x0800015e   0x00000000   Code   RO         5196    .ARM.Collect$$libinit$$00000015  c_p.l(libinit2.o)
    0x0800015e   0x0800015e   0x0000000a   Code   RO         5197    .ARM.Collect$$libinit$$00000016  c_p.l(libinit2.o)
    0x08000168   0x08000168   0x00000000   Code   RO         5198    .ARM.Collect$$libinit$$00000017  c_p.l(libinit2.o)
    0x08000168   0x08000168   0x00000000   Code   RO         5200    .ARM.Collect$$libinit$$00000019  c_p.l(libinit2.o)
    0x08000168   0x08000168   0x00000000   Code   RO         5202    .ARM.Collect$$libinit$$0000001B  c_p.l(libinit2.o)
    0x08000168   0x08000168   0x00000000   Code   RO         5204    .ARM.Collect$$libinit$$0000001D  c_p.l(libinit2.o)
    0x08000168   0x08000168   0x00000000   Code   RO         5206    .ARM.Collect$$libinit$$0000001F  c_p.l(libinit2.o)
    0x08000168   0x08000168   0x00000000   Code   RO         5208    .ARM.Collect$$libinit$$00000021  c_p.l(libinit2.o)
    0x08000168   0x08000168   0x00000000   Code   RO         5210    .ARM.Collect$$libinit$$00000023  c_p.l(libinit2.o)
    0x08000168   0x08000168   0x00000000   Code   RO         5212    .ARM.Collect$$libinit$$00000025  c_p.l(libinit2.o)
    0x08000168   0x08000168   0x00000000   Code   RO         5216    .ARM.Collect$$libinit$$0000002C  c_p.l(libinit2.o)
    0x08000168   0x08000168   0x00000000   Code   RO         5218    .ARM.Collect$$libinit$$0000002E  c_p.l(libinit2.o)
    0x08000168   0x08000168   0x00000000   Code   RO         5220    .ARM.Collect$$libinit$$00000030  c_p.l(libinit2.o)
    0x08000168   0x08000168   0x00000000   Code   RO         5222    .ARM.Collect$$libinit$$00000032  c_p.l(libinit2.o)
    0x08000168   0x08000168   0x00000002   Code   RO         5223    .ARM.Collect$$libinit$$00000033  c_p.l(libinit2.o)
    0x0800016a   0x0800016a   0x00000002   Code   RO         5361    .ARM.Collect$$libshutdown$$00000000  c_p.l(libshutdown.o)
    0x0800016c   0x0800016c   0x00000000   Code   RO         5225    .ARM.Collect$$libshutdown$$00000002  c_p.l(libshutdown2.o)
    0x0800016c   0x0800016c   0x00000000   Code   RO         5227    .ARM.Collect$$libshutdown$$00000004  c_p.l(libshutdown2.o)
    0x0800016c   0x0800016c   0x00000000   Code   RO         5230    .ARM.Collect$$libshutdown$$00000007  c_p.l(libshutdown2.o)
    0x0800016c   0x0800016c   0x00000000   Code   RO         5233    .ARM.Collect$$libshutdown$$0000000A  c_p.l(libshutdown2.o)
    0x0800016c   0x0800016c   0x00000000   Code   RO         5235    .ARM.Collect$$libshutdown$$0000000C  c_p.l(libshutdown2.o)
    0x0800016c   0x0800016c   0x00000000   Code   RO         5238    .ARM.Collect$$libshutdown$$0000000F  c_p.l(libshutdown2.o)
    0x0800016c   0x0800016c   0x00000002   Code   RO         5239    .ARM.Collect$$libshutdown$$00000010  c_p.l(libshutdown2.o)
    0x0800016e   0x0800016e   0x00000000   Code   RO         4932    .ARM.Collect$$rtentry$$00000000  c_p.l(__rtentry.o)
    0x0800016e   0x0800016e   0x00000000   Code   RO         5007    .ARM.Collect$$rtentry$$00000002  c_p.l(__rtentry2.o)
    0x0800016e   0x0800016e   0x00000006   Code   RO         5019    .ARM.Collect$$rtentry$$00000004  c_p.l(__rtentry4.o)
    0x08000174   0x08000174   0x00000000   Code   RO         5009    .ARM.Collect$$rtentry$$00000009  c_p.l(__rtentry2.o)
    0x08000174   0x08000174   0x00000004   Code   RO         5010    .ARM.Collect$$rtentry$$0000000A  c_p.l(__rtentry2.o)
    0x08000178   0x08000178   0x00000000   Code   RO         5012    .ARM.Collect$$rtentry$$0000000C  c_p.l(__rtentry2.o)
    0x08000178   0x08000178   0x00000008   Code   RO         5013    .ARM.Collect$$rtentry$$0000000D  c_p.l(__rtentry2.o)
    0x08000180   0x08000180   0x00000002   Code   RO         5248    .ARM.Collect$$rtexit$$00000000  c_p.l(rtexit.o)
    0x08000182   0x08000182   0x00000000   Code   RO         5304    .ARM.Collect$$rtexit$$00000002  c_p.l(rtexit2.o)
    0x08000182   0x08000182   0x00000004   Code   RO         5305    .ARM.Collect$$rtexit$$00000003  c_p.l(rtexit2.o)
    0x08000186   0x08000186   0x00000006   Code   RO         5306    .ARM.Collect$$rtexit$$00000004  c_p.l(rtexit2.o)
    0x0800018c   0x0800018c   0x00000038   Code   RO         4858    .emb_text           c_p.l(rt_memcpy.o)
    0x080001c4   0x080001c4   0x00000038   Code   RO            4    .text               startup_stm32g030xx.o
    0x080001fc   0x080001fc   0x0000002c   Code   RO         4793    .text               c_p.l(__2sprintf.o)
    0x08000228   0x08000228   0x0000003c   Code   RO         4795    .text               c_p.l(__2snprintf.o)
    0x08000264   0x08000264   0x0000004e   Code   RO         4805    .text               c_p.l(_printf_pad.o)
    0x080002b2   0x080002b2   0x00000002   PAD
    0x080002b4   0x080002b4   0x00000058   Code   RO         4812    .text               c_p.l(_printf_hex_int.o)
    0x0800030c   0x0800030c   0x00000138   Code   RO         4842    .text               c_p.l(__printf_flags_wp.o)
    0x08000444   0x08000444   0x00000044   Code   RO         4856    .text               c_p.l(strlen.o)
    0x08000488   0x08000488   0x00000082   Code   RO         4859    .text               c_p.l(rt_memcpy.o)
    0x0800050a   0x0800050a   0x00000040   Code   RO         4864    .text               c_p.l(rt_memclr.o)
    0x0800054a   0x0800054a   0x0000015a   Code   RO         4866    .text               c_p.l(aeabi_sdiv.o)
    0x080006a4   0x080006a4   0x00000006   Code   RO         4870    .text               c_p.l(heapauxi.o)
    0x080006aa   0x080006aa   0x00000002   PAD
    0x080006ac   0x080006ac   0x0000007c   Code   RO         4874    .text               fz_ps.l(d2f.o)
    0x08000728   0x08000728   0x00000358   Code   RO         4876    .text               fz_ps.l(daddsub.o)
    0x08000a80   0x08000a80   0x00000448   Code   RO         4878    .text               fz_ps.l(ddiv.o)
    0x08000ec8   0x08000ec8   0x00000248   Code   RO         4883    .text               fz_ps.l(dmul.o)
    0x08001110   0x08001110   0x00000054   Code   RO         4887    .text               fz_ps.l(f2d.o)
    0x08001164   0x08001164   0x0000004c   Code   RO         4900    .text               fz_ps.l(ffixi.o)
    0x080011b0   0x080011b0   0x00000030   Code   RO         4902    .text               fz_ps.l(ffixui.o)
    0x080011e0   0x080011e0   0x0000005e   Code   RO         4904    .text               fz_ps.l(fflti.o)
    0x0800123e   0x0800123e   0x000000b0   Code   RO         4941    .text               c_p.l(_printf_intcommon.o)
    0x080012ee   0x080012ee   0x00000002   PAD
    0x080012f0   0x080012f0   0x00000418   Code   RO         4943    .text               c_p.l(_printf_fp_dec.o)
    0x08001708   0x08001708   0x00000030   Code   RO         4945    .text               c_p.l(_printf_char_common.o)
    0x08001738   0x08001738   0x0000000a   Code   RO         4947    .text               c_p.l(_sputc.o)
    0x08001742   0x08001742   0x00000010   Code   RO         4949    .text               c_p.l(_snputc.o)
    0x08001752   0x08001752   0x00000028   Code   RO         4960    .text               c_p.l(rtudiv10.o)
    0x0800177a   0x0800177a   0x00000002   PAD
    0x0800177c   0x0800177c   0x00000090   Code   RO         4962    .text               fz_ps.l(dcmpin.o)
    0x0800180c   0x0800180c   0x00000060   Code   RO         4964    .text               fz_ps.l(dscalbn.o)
    0x0800186c   0x0800186c   0x00000008   Code   RO         5030    .text               c_p.l(rt_locale_intlibspace.o)
    0x08001874   0x08001874   0x0000007a   Code   RO         5037    .text               c_p.l(lludiv10.o)
    0x080018ee   0x080018ee   0x00000002   PAD
    0x080018f0   0x080018f0   0x00000088   Code   RO         5039    .text               c_p.l(_printf_fp_infnan.o)
    0x08001978   0x08001978   0x000000d8   Code   RO         5043    .text               c_p.l(bigflt0.o)
    0x08001a50   0x08001a50   0x00000580   Code   RO         5046    .text               c_p.l(btod.o)
    0x08001fd0   0x08001fd0   0x0000002e   Code   RO         5067    .text               fz_ps.l(cmpret.o)
    0x08001ffe   0x08001ffe   0x00000002   PAD
    0x08002000   0x08002000   0x00000014   Code   RO         5071    .text               fz_ps.l(dnan2.o)
    0x08002014   0x08002014   0x00000008   Code   RO         5084    .text               c_p.l(libspace.o)
    0x0800201c   0x0800201c   0x0000003e   Code   RO         5089    .text               c_p.l(sys_stackheap_outer.o)
    0x0800205a   0x0800205a   0x00000010   Code   RO         5161    .text               c_p.l(exit.o)
    0x0800206a   0x0800206a   0x00000002   PAD
    0x0800206c   0x0800206c   0x00000088   Code   RO         5171    .text               c_p.l(strcmp.o)
    0x080020f4   0x080020f4   0x0000005e   Code   RO         5242    .text               fz_ps.l(retnan.o)
    0x08002152   0x08002152   0x00000002   Code   RO         5244    .text               c_p.l(use_no_semi.o)
    0x08002154   0x08002154   0x00000000   Code   RO         5246    .text               c_p.l(indicate_semi.o)
    0x08002154   0x08002154   0x0000000c   Code   RO         5301    .text               c_p.l(sys_exit.o)
    0x08002160   0x08002160   0x00000040   Code   RO         4650    i.Bluetooth_Control_Loop  control.o
    0x080021a0   0x080021a0   0x00000280   Code   RO         4651    i.CONTROL           control.o
    0x08002420   0x08002420   0x00000010   Code   RO          264    i.DMA1_Channel1_IRQHandler  stm32g0xx_it.o
    0x08002430   0x08002430   0x00000010   Code   RO          265    i.DMA1_Channel2_3_IRQHandler  stm32g0xx_it.o
    0x08002440   0x08002440   0x00000034   Code   RO         1186    i.DMA_CalcDMAMUXChannelBaseAndMask  stm32g0xx_hal_dma.o
    0x08002474   0x08002474   0x00000028   Code   RO         1187    i.DMA_CalcDMAMUXRequestGenBaseAndMask  stm32g0xx_hal_dma.o
    0x0800249c   0x0800249c   0x00000006   Code   RO           12    i.Error_Handler     main.o
    0x080024a2   0x080024a2   0x00000002   PAD
    0x080024a4   0x080024a4   0x00000364   Code   RO          440    i.HAL_ADC_ConfigChannel  stm32g0xx_hal_adc.o
    0x08002808   0x08002808   0x00000298   Code   RO          449    i.HAL_ADC_Init      stm32g0xx_hal_adc.o
    0x08002aa0   0x08002aa0   0x00000078   Code   RO          357    i.HAL_ADC_MspInit   stm32g0xx_hal_msp.o
    0x08002b18   0x08002b18   0x00000098   Code   RO         1189    i.HAL_DMA_Abort     stm32g0xx_hal_dma.o
    0x08002bb0   0x08002bb0   0x00000094   Code   RO         1190    i.HAL_DMA_Abort_IT  stm32g0xx_hal_dma.o
    0x08002c44   0x08002c44   0x00000008   Code   RO         1193    i.HAL_DMA_GetState  stm32g0xx_hal_dma.o
    0x08002c4c   0x08002c4c   0x00000120   Code   RO         1194    i.HAL_DMA_IRQHandler  stm32g0xx_hal_dma.o
    0x08002d6c   0x08002d6c   0x000000c0   Code   RO         1195    i.HAL_DMA_Init      stm32g0xx_hal_dma.o
    0x08002e2c   0x08002e2c   0x0000002c   Code   RO         1668    i.HAL_Delay         stm32g0xx_hal.o
    0x08002e58   0x08002e58   0x000001d8   Code   RO         1120    i.HAL_GPIO_Init     stm32g0xx_hal_gpio.o
    0x08003030   0x08003030   0x00000014   Code   RO         1123    i.HAL_GPIO_TogglePin  stm32g0xx_hal_gpio.o
    0x08003044   0x08003044   0x0000000c   Code   RO         1124    i.HAL_GPIO_WritePin  stm32g0xx_hal_gpio.o
    0x08003050   0x08003050   0x0000000c   Code   RO         1672    i.HAL_GetTick       stm32g0xx_hal.o
    0x0800305c   0x0800305c   0x0000006e   Code   RO         2398    i.HAL_I2CEx_ConfigAnalogFilter  stm32g0xx_hal_i2c_ex.o
    0x080030ca   0x080030ca   0x00000070   Code   RO         2399    i.HAL_I2CEx_ConfigDigitalFilter  stm32g0xx_hal_i2c_ex.o
    0x0800313a   0x0800313a   0x00000002   Code   RO         1928    i.HAL_I2C_AbortCpltCallback  stm32g0xx_hal_i2c.o
    0x0800313c   0x0800313c   0x00000002   Code   RO         1929    i.HAL_I2C_AddrCallback  stm32g0xx_hal_i2c.o
    0x0800313e   0x0800313e   0x0000008c   Code   RO         1932    i.HAL_I2C_ER_IRQHandler  stm32g0xx_hal_i2c.o
    0x080031ca   0x080031ca   0x0000001e   Code   RO         1933    i.HAL_I2C_EV_IRQHandler  stm32g0xx_hal_i2c.o
    0x080031e8   0x080031e8   0x00000002   Code   RO         1935    i.HAL_I2C_ErrorCallback  stm32g0xx_hal_i2c.o
    0x080031ea   0x080031ea   0x00000002   PAD
    0x080031ec   0x080031ec   0x000000ec   Code   RO         1939    i.HAL_I2C_Init      stm32g0xx_hal_i2c.o
    0x080032d8   0x080032d8   0x00000002   Code   RO         1941    i.HAL_I2C_ListenCpltCallback  stm32g0xx_hal_i2c.o
    0x080032da   0x080032da   0x00000002   PAD
    0x080032dc   0x080032dc   0x000001ac   Code   RO         1957    i.HAL_I2C_Mem_Read  stm32g0xx_hal_i2c.o
    0x08003488   0x08003488   0x000001a4   Code   RO         1960    i.HAL_I2C_Mem_Write  stm32g0xx_hal_i2c.o
    0x0800362c   0x0800362c   0x00000090   Code   RO          359    i.HAL_I2C_MspInit   stm32g0xx_hal_msp.o
    0x080036bc   0x080036bc   0x00000002   Code   RO         1965    i.HAL_I2C_SlaveRxCpltCallback  stm32g0xx_hal_i2c.o
    0x080036be   0x080036be   0x00000002   Code   RO         1966    i.HAL_I2C_SlaveTxCpltCallback  stm32g0xx_hal_i2c.o
    0x080036c0   0x080036c0   0x00000018   Code   RO         1678    i.HAL_IncTick       stm32g0xx_hal.o
    0x080036d8   0x080036d8   0x0000002c   Code   RO         1679    i.HAL_Init          stm32g0xx_hal.o
    0x08003704   0x08003704   0x00000060   Code   RO         1680    i.HAL_InitTick      stm32g0xx_hal.o
    0x08003764   0x08003764   0x00000044   Code   RO          360    i.HAL_MspInit       stm32g0xx_hal_msp.o
    0x080037a8   0x080037a8   0x00000024   Code   RO         1544    i.HAL_NVIC_EnableIRQ  stm32g0xx_hal_cortex.o
    0x080037cc   0x080037cc   0x00000012   Code   RO         1548    i.HAL_NVIC_SetPriority  stm32g0xx_hal_cortex.o
    0x080037de   0x080037de   0x00000002   PAD
    0x080037e0   0x080037e0   0x00000058   Code   RO         1425    i.HAL_PWREx_ControlVoltageScaling  stm32g0xx_hal_pwr_ex.o
    0x08003838   0x08003838   0x000001e8   Code   RO          871    i.HAL_RCCEx_PeriphCLKConfig  stm32g0xx_hal_rcc_ex.o
    0x08003a20   0x08003a20   0x000001d4   Code   RO          753    i.HAL_RCC_ClockConfig  stm32g0xx_hal_rcc.o
    0x08003bf4   0x08003bf4   0x0000000c   Code   RO          759    i.HAL_RCC_GetHCLKFreq  stm32g0xx_hal_rcc.o
    0x08003c00   0x08003c00   0x00000028   Code   RO          761    i.HAL_RCC_GetPCLK1Freq  stm32g0xx_hal_rcc.o
    0x08003c28   0x08003c28   0x000000e4   Code   RO          763    i.HAL_RCC_GetSysClockFreq  stm32g0xx_hal_rcc.o
    0x08003d0c   0x08003d0c   0x000005ac   Code   RO          767    i.HAL_RCC_OscConfig  stm32g0xx_hal_rcc.o
    0x080042b8   0x080042b8   0x00000038   Code   RO         1552    i.HAL_SYSTICK_Config  stm32g0xx_hal_cortex.o
    0x080042f0   0x080042f0   0x00000002   Code   RO         3175    i.HAL_TIMEx_Break2Callback  stm32g0xx_hal_tim_ex.o
    0x080042f2   0x080042f2   0x00000002   Code   RO         3176    i.HAL_TIMEx_BreakCallback  stm32g0xx_hal_tim_ex.o
    0x080042f4   0x080042f4   0x00000002   Code   RO         3177    i.HAL_TIMEx_CommutCallback  stm32g0xx_hal_tim_ex.o
    0x080042f6   0x080042f6   0x00000002   PAD
    0x080042f8   0x080042f8   0x000000f0   Code   RO         3179    i.HAL_TIMEx_ConfigBreakDeadTime  stm32g0xx_hal_tim_ex.o
    0x080043e8   0x080043e8   0x0000008c   Code   RO         3198    i.HAL_TIMEx_MasterConfigSynchronization  stm32g0xx_hal_tim_ex.o
    0x08004474   0x08004474   0x0000006c   Code   RO         2452    i.HAL_TIM_Base_Init  stm32g0xx_hal_tim.o
    0x080044e0   0x080044e0   0x00000090   Code   RO          362    i.HAL_TIM_Base_MspInit  stm32g0xx_hal_msp.o
    0x08004570   0x08004570   0x00000118   Code   RO         2461    i.HAL_TIM_ConfigClockSource  stm32g0xx_hal_tim.o
    0x08004688   0x08004688   0x00000002   Code   RO         2486    i.HAL_TIM_IC_CaptureCallback  stm32g0xx_hal_tim.o
    0x0800468a   0x0800468a   0x00000002   PAD
    0x0800468c   0x0800468c   0x000001a4   Code   RO         2500    i.HAL_TIM_IRQHandler  stm32g0xx_hal_tim.o
    0x08004830   0x08004830   0x00000098   Code   RO          363    i.HAL_TIM_MspPostInit  stm32g0xx_hal_msp.o
    0x080048c8   0x080048c8   0x00000002   Code   RO         2503    i.HAL_TIM_OC_DelayElapsedCallback  stm32g0xx_hal_tim.o
    0x080048ca   0x080048ca   0x0000017a   Code   RO         2524    i.HAL_TIM_PWM_ConfigChannel  stm32g0xx_hal_tim.o
    0x08004a44   0x08004a44   0x0000006c   Code   RO         2527    i.HAL_TIM_PWM_Init  stm32g0xx_hal_tim.o
    0x08004ab0   0x08004ab0   0x00000002   Code   RO         2529    i.HAL_TIM_PWM_MspInit  stm32g0xx_hal_tim.o
    0x08004ab2   0x08004ab2   0x00000002   Code   RO         2530    i.HAL_TIM_PWM_PulseFinishedCallback  stm32g0xx_hal_tim.o
    0x08004ab4   0x08004ab4   0x00000114   Code   RO         2532    i.HAL_TIM_PWM_Start  stm32g0xx_hal_tim.o
    0x08004bc8   0x08004bc8   0x000000b0   Code   RO           13    i.HAL_TIM_PeriodElapsedCallback  main.o
    0x08004c78   0x08004c78   0x00000002   Code   RO         2543    i.HAL_TIM_TriggerCallback  stm32g0xx_hal_tim.o
    0x08004c7a   0x08004c7a   0x00000054   Code   RO         3907    i.HAL_UARTEx_DisableFifoMode  stm32g0xx_hal_uart_ex.o
    0x08004cce   0x08004cce   0x00000002   Code   RO         3485    i.HAL_UARTEx_RxEventCallback  stm32g0xx_hal_uart.o
    0x08004cd0   0x08004cd0   0x00000002   Code   RO         3915    i.HAL_UARTEx_RxFifoFullCallback  stm32g0xx_hal_uart_ex.o
    0x08004cd2   0x08004cd2   0x00000060   Code   RO         3916    i.HAL_UARTEx_SetRxFifoThreshold  stm32g0xx_hal_uart_ex.o
    0x08004d32   0x08004d32   0x0000005e   Code   RO         3917    i.HAL_UARTEx_SetTxFifoThreshold  stm32g0xx_hal_uart_ex.o
    0x08004d90   0x08004d90   0x00000002   Code   RO         3919    i.HAL_UARTEx_TxFifoEmptyCallback  stm32g0xx_hal_uart_ex.o
    0x08004d92   0x08004d92   0x00000002   Code   RO         3920    i.HAL_UARTEx_WakeupCallback  stm32g0xx_hal_uart_ex.o
    0x08004d94   0x08004d94   0x00000002   Code   RO         3501    i.HAL_UART_ErrorCallback  stm32g0xx_hal_uart.o
    0x08004d96   0x08004d96   0x00000002   PAD
    0x08004d98   0x08004d98   0x00000446   Code   RO         3504    i.HAL_UART_IRQHandler  stm32g0xx_hal_uart.o
    0x080051de   0x080051de   0x00000082   Code   RO         3505    i.HAL_UART_Init     stm32g0xx_hal_uart.o
    0x08005260   0x08005260   0x0000019c   Code   RO          365    i.HAL_UART_MspInit  stm32g0xx_hal_msp.o
    0x080053fc   0x080053fc   0x0000007e   Code   RO         3510    i.HAL_UART_Receive_IT  stm32g0xx_hal_uart.o
    0x0800547a   0x0800547a   0x00000002   PAD
    0x0800547c   0x0800547c   0x00000034   Code   RO         4743    i.HAL_UART_RxCpltCallback  buletooth.o
    0x080054b0   0x080054b0   0x000000f2   Code   RO         3514    i.HAL_UART_Transmit  stm32g0xx_hal_uart.o
    0x080055a2   0x080055a2   0x00000002   Code   RO         3517    i.HAL_UART_TxCpltCallback  stm32g0xx_hal_uart.o
    0x080055a4   0x080055a4   0x00000004   Code   RO          266    i.HardFault_Handler  stm32g0xx_it.o
    0x080055a8   0x080055a8   0x00000028   Code   RO          267    i.I2C2_IRQHandler   stm32g0xx_it.o
    0x080055d0   0x080055d0   0x00000026   Code   RO         1978    i.I2C_DMAAbort      stm32g0xx_hal_i2c.o
    0x080055f6   0x080055f6   0x00000074   Code   RO         1984    i.I2C_Disable_IRQ   stm32g0xx_hal_i2c.o
    0x0800566a   0x0800566a   0x00000032   Code   RO         1986    i.I2C_Flush_TXDR    stm32g0xx_hal_i2c.o
    0x0800569c   0x0800569c   0x000000d0   Code   RO         1987    i.I2C_ITAddrCplt    stm32g0xx_hal_i2c.o
    0x0800576c   0x0800576c   0x0000015c   Code   RO         1988    i.I2C_ITError       stm32g0xx_hal_i2c.o
    0x080058c8   0x080058c8   0x00000078   Code   RO         1989    i.I2C_ITListenCplt  stm32g0xx_hal_i2c.o
    0x08005940   0x08005940   0x0000022c   Code   RO         1992    i.I2C_ITSlaveCplt   stm32g0xx_hal_i2c.o
    0x08005b6c   0x08005b6c   0x0000009c   Code   RO         1993    i.I2C_ITSlaveSeqCplt  stm32g0xx_hal_i2c.o
    0x08005c08   0x08005c08   0x0000015c   Code   RO         1994    i.I2C_IsErrorOccurred  stm32g0xx_hal_i2c.o
    0x08005d64   0x08005d64   0x00000080   Code   RO         1999    i.I2C_RequestMemoryRead  stm32g0xx_hal_i2c.o
    0x08005de4   0x08005de4   0x00000080   Code   RO         2000    i.I2C_RequestMemoryWrite  stm32g0xx_hal_i2c.o
    0x08005e64   0x08005e64   0x00000180   Code   RO         2002    i.I2C_Slave_ISR_IT  stm32g0xx_hal_i2c.o
    0x08005fe4   0x08005fe4   0x0000003c   Code   RO         2003    i.I2C_TransferConfig  stm32g0xx_hal_i2c.o
    0x08006020   0x08006020   0x0000003e   Code   RO         2004    i.I2C_TreatErrorCallback  stm32g0xx_hal_i2c.o
    0x0800605e   0x0800605e   0x0000007e   Code   RO         2005    i.I2C_WaitOnFlagUntilTimeout  stm32g0xx_hal_i2c.o
    0x080060dc   0x080060dc   0x00000066   Code   RO         2007    i.I2C_WaitOnSTOPFlagUntilTimeout  stm32g0xx_hal_i2c.o
    0x08006142   0x08006142   0x0000006e   Code   RO         2008    i.I2C_WaitOnTXISFlagUntilTimeout  stm32g0xx_hal_i2c.o
    0x080061b0   0x080061b0   0x0000000c   Code   RO          463    i.LL_ADC_GetCommonPathInternalCh  stm32g0xx_hal_adc.o
    0x080061bc   0x080061bc   0x00000010   Code   RO          465    i.LL_ADC_IsEnabled  stm32g0xx_hal_adc.o
    0x080061cc   0x080061cc   0x0000000e   Code   RO          466    i.LL_ADC_IsInternalRegulatorEnabled  stm32g0xx_hal_adc.o
    0x080061da   0x080061da   0x0000000c   Code   RO          467    i.LL_ADC_REG_IsConversionOngoing  stm32g0xx_hal_adc.o
    0x080061e6   0x080061e6   0x0000000e   Code   RO          471    i.LL_ADC_SetCommonPathInternalCh  stm32g0xx_hal_adc.o
    0x080061f4   0x080061f4   0x0000001e   Code   RO          472    i.LL_ADC_SetSamplingTimeCommonChannels  stm32g0xx_hal_adc.o
    0x08006212   0x08006212   0x00000002   PAD
    0x08006214   0x08006214   0x00000370   Code   RO         4525    i.MPU6050_AttitudeEstimation  mpu6050.o
    0x08006584   0x08006584   0x000000c4   Code   RO         4528    i.MPU6050_Call      mpu6050.o
    0x08006648   0x08006648   0x000000ae   Code   RO         4529    i.MPU6050_GetData   mpu6050.o
    0x080066f6   0x080066f6   0x00000034   Code   RO         4530    i.MPU6050_Init      mpu6050.o
    0x0800672a   0x0800672a   0x00000002   PAD
    0x0800672c   0x0800672c   0x00000084   Code   RO           14    i.MX_ADC1_Init      main.o
    0x080067b0   0x080067b0   0x00000044   Code   RO           15    i.MX_DMA_Init       main.o
    0x080067f4   0x080067f4   0x000000b4   Code   RO           16    i.MX_GPIO_Init      main.o
    0x080068a8   0x080068a8   0x0000005c   Code   RO           17    i.MX_I2C2_Init      main.o
    0x08006904   0x08006904   0x00000134   Code   RO           18    i.MX_TIM1_Init      main.o
    0x08006a38   0x08006a38   0x00000074   Code   RO           19    i.MX_TIM3_Init      main.o
    0x08006aac   0x08006aac   0x00000074   Code   RO           20    i.MX_USART1_UART_Init  main.o
    0x08006b20   0x08006b20   0x00000044   Code   RO           21    i.MX_USART2_UART_Init  main.o
    0x08006b64   0x08006b64   0x00000058   Code   RO         4652    i.Moto_PwmRflash    control.o
    0x08006bbc   0x08006bbc   0x00000004   Code   RO          268    i.NMI_Handler       stm32g0xx_it.o
    0x08006bc0   0x08006bc0   0x00000002   Code   RO          269    i.PendSV_Handler    stm32g0xx_it.o
    0x08006bc2   0x08006bc2   0x00000002   PAD
    0x08006bc4   0x08006bc4   0x000000b4   Code   RO         4653    i.Pid_init          control.o
    0x08006c78   0x08006c78   0x00000002   Code   RO          270    i.SVC_Handler       stm32g0xx_it.o
    0x08006c7a   0x08006c7a   0x00000008   Code   RO          271    i.SysTick_Handler   stm32g0xx_it.o
    0x08006c82   0x08006c82   0x00000076   Code   RO           22    i.SystemClock_Config  main.o
    0x08006cf8   0x08006cf8   0x00000002   Code   RO         4038    i.SystemInit        system_stm32g0xx.o
    0x08006cfa   0x08006cfa   0x00000002   PAD
    0x08006cfc   0x08006cfc   0x00000010   Code   RO          272    i.TIM1_BRK_UP_TRG_COM_IRQHandler  stm32g0xx_it.o
    0x08006d0c   0x08006d0c   0x00000010   Code   RO          273    i.TIM1_CC_IRQHandler  stm32g0xx_it.o
    0x08006d1c   0x08006d1c   0x00000010   Code   RO          274    i.TIM3_IRQHandler   stm32g0xx_it.o
    0x08006d2c   0x08006d2c   0x000000a0   Code   RO         2545    i.TIM_Base_SetConfig  stm32g0xx_hal_tim.o
    0x08006dcc   0x08006dcc   0x00000022   Code   RO         2546    i.TIM_CCxChannelCmd  stm32g0xx_hal_tim.o
    0x08006dee   0x08006dee   0x0000001c   Code   RO         2556    i.TIM_ETR_SetConfig  stm32g0xx_hal_tim.o
    0x08006e0a   0x08006e0a   0x00000002   PAD
    0x08006e0c   0x08006e0c   0x00000018   Code   RO         2557    i.TIM_ITRx_SetConfig  stm32g0xx_hal_tim.o
    0x08006e24   0x08006e24   0x0000009c   Code   RO         2558    i.TIM_OC1_SetConfig  stm32g0xx_hal_tim.o
    0x08006ec0   0x08006ec0   0x000000ac   Code   RO         2559    i.TIM_OC2_SetConfig  stm32g0xx_hal_tim.o
    0x08006f6c   0x08006f6c   0x000000a8   Code   RO         2560    i.TIM_OC3_SetConfig  stm32g0xx_hal_tim.o
    0x08007014   0x08007014   0x00000074   Code   RO         2561    i.TIM_OC4_SetConfig  stm32g0xx_hal_tim.o
    0x08007088   0x08007088   0x00000068   Code   RO         2562    i.TIM_OC5_SetConfig  stm32g0xx_hal_tim.o
    0x080070f0   0x080070f0   0x00000068   Code   RO         2563    i.TIM_OC6_SetConfig  stm32g0xx_hal_tim.o
    0x08007158   0x08007158   0x00000032   Code   RO         2565    i.TIM_TI1_ConfigInputStage  stm32g0xx_hal_tim.o
    0x0800718a   0x0800718a   0x00000032   Code   RO         2567    i.TIM_TI2_ConfigInputStage  stm32g0xx_hal_tim.o
    0x080071bc   0x080071bc   0x00000068   Code   RO         3921    i.UARTEx_SetNbDataToProcess  stm32g0xx_hal_uart_ex.o
    0x08007224   0x08007224   0x000000f0   Code   RO         3519    i.UART_AdvFeatureConfig  stm32g0xx_hal_uart.o
    0x08007314   0x08007314   0x00000104   Code   RO         3520    i.UART_CheckIdleState  stm32g0xx_hal_uart.o
    0x08007418   0x08007418   0x00000018   Code   RO         3521    i.UART_DMAAbortOnError  stm32g0xx_hal_uart.o
    0x08007430   0x08007430   0x00000084   Code   RO         3531    i.UART_EndRxTransfer  stm32g0xx_hal_uart.o
    0x080074b4   0x080074b4   0x00000038   Code   RO         3532    i.UART_EndTransmit_IT  stm32g0xx_hal_uart.o
    0x080074ec   0x080074ec   0x0000011c   Code   RO         3534    i.UART_RxISR_16BIT  stm32g0xx_hal_uart.o
    0x08007608   0x08007608   0x00000240   Code   RO         3535    i.UART_RxISR_16BIT_FIFOEN  stm32g0xx_hal_uart.o
    0x08007848   0x08007848   0x0000011c   Code   RO         3536    i.UART_RxISR_8BIT   stm32g0xx_hal_uart.o
    0x08007964   0x08007964   0x00000240   Code   RO         3537    i.UART_RxISR_8BIT_FIFOEN  stm32g0xx_hal_uart.o
    0x08007ba4   0x08007ba4   0x000001e4   Code   RO         3538    i.UART_SetConfig    stm32g0xx_hal_uart.o
    0x08007d88   0x08007d88   0x000001a0   Code   RO         3540    i.UART_Start_Receive_IT  stm32g0xx_hal_uart.o
    0x08007f28   0x08007f28   0x000000b4   Code   RO         3545    i.UART_WaitOnFlagUntilTimeout  stm32g0xx_hal_uart.o
    0x08007fdc   0x08007fdc   0x00000010   Code   RO          275    i.USART2_IRQHandler  stm32g0xx_it.o
    0x08007fec   0x08007fec   0x000000a8   Code   RO         4654    i.Update_Control_Input  control.o
    0x08008094   0x08008094   0x00000030   Code   RO         5048    i.__ARM_common_ll_muluu  c_p.l(btod.o)
    0x080080c4   0x080080c4   0x0000001c   Code   RO         1284    i.__ARM_common_switch8  stm32g0xx_hal_dma.o
    0x080080e0   0x080080e0   0x0000002c   Code   RO         4993    i.__ARM_fpclassify  m_ps.l(fpclassify.o)
    0x0800810c   0x0800810c   0x00000028   Code   RO         4531    i.__MPU6050_Read_Reg  mpu6050.o
    0x08008134   0x08008134   0x00000028   Code   RO         4533    i.__MPU6050_Write_Reg  mpu6050.o
    0x0800815c   0x0800815c   0x00000078   Code   RO         1554    i.__NVIC_SetPriority  stm32g0xx_hal_cortex.o
    0x080081d4   0x080081d4   0x00000006   Code   RO         3546    i.__get_PRIMASK     stm32g0xx_hal_uart.o
    0x080081da   0x080081da   0x000000ac   Code   RO         4995    i.__kernel_poly     m_ps.l(poly.o)
    0x08008286   0x08008286   0x0000000a   Code   RO         4980    i.__mathlib_dbl_infnan  m_ps.l(dunder.o)
    0x08008290   0x08008290   0x00000008   Code   RO         4981    i.__mathlib_dbl_infnan2  m_ps.l(dunder.o)
    0x08008298   0x08008298   0x00000014   Code   RO         4985    i.__mathlib_dbl_underflow  m_ps.l(dunder.o)
    0x080082ac   0x080082ac   0x00000006   Code   RO         3547    i.__set_PRIMASK     stm32g0xx_hal_uart.o
    0x080082b2   0x080082b2   0x0000000e   Code   RO         4840    i._is_digit         c_p.l(__printf_wp.o)
    0x080082c0   0x080082c0   0x0000021c   Code   RO         4970    i.atan              m_ps.l(atan.o)
    0x080084dc   0x080084dc   0x00000178   Code   RO         4925    i.atan2             m_ps.l(atan2.o)
    0x08008654   0x08008654   0x00000018   Code   RO         4744    i.buletooth_StartReceiveIT  buletooth.o
    0x0800866c   0x0800866c   0x00000018   Code   RO         4745    i.buletooth_sendbyte  buletooth.o
    0x08008684   0x08008684   0x000000d4   Code   RO         4655    i.handle_command    control.o
    0x08008758   0x08008758   0x0000014c   Code   RO           23    i.main              main.o
    0x080088a4   0x080088a4   0x0000002c   Code   RO         5065    locale$$code        c_p.l(lc_numeric_c.o)
    0x080088d0   0x080088d0   0x00000068   Code   RO         4885    x$fpl$drleqf        fz_ps.l(drlef.o)
    0x08008938   0x08008938   0x0000008c   Code   RO         4889    x$fpl$fadd          fz_ps.l(faddsub.o)
    0x080089c4   0x080089c4   0x000000b0   Code   RO         4908    x$fpl$fmul          fz_ps.l(fmul.o)
    0x08008a74   0x08008a74   0x000000d0   Code   RO         4891    x$fpl$fsub          fz_ps.l(faddsub.o)
    0x08008b44   0x08008b44   0x00000010   Code   RO         4912    x$fpl$printf1       fz_ps.l(printf1.o)
    0x08008b54   0x08008b54   0x00000000   Code   RO         4968    x$fpl$usenofp       fz_ps.l(usenofp.o)
    0x08008b54   0x08008b54   0x0000001e   Data   RO         3548    .constdata          stm32g0xx_hal_uart.o
    0x08008b72   0x08008b72   0x00000015   Data   RO         3925    .constdata          stm32g0xx_hal_uart_ex.o
    0x08008b87   0x08008b87   0x00000001   PAD
    0x08008b88   0x08008b88   0x00000068   Data   RO         4039    .constdata          system_stm32g0xx.o
    0x08008bf0   0x08008bf0   0x00000028   Data   RO         4813    .constdata          c_p.l(_printf_hex_int.o)
    0x08008c18   0x08008c18   0x00000011   Data   RO         4843    .constdata          c_p.l(__printf_flags_wp.o)
    0x08008c29   0x08008c29   0x00000080   Data   RO         4879    .constdata          fz_ps.l(ddiv.o)
    0x08008ca9   0x08008ca9   0x00000007   PAD
    0x08008cb0   0x08008cb0   0x00000098   Data   RO         4971    .constdata          m_ps.l(atan.o)
    0x08008d48   0x08008d48   0x00000008   Data   RO         4997    .constdata          m_ps.l(qnan.o)
    0x08008d50   0x08008d50   0x00000094   Data   RO         5044    .constdata          c_p.l(bigflt0.o)
    0x08008de4   0x08008de4   0x00000020   Data   RO         5378    Region$$Table       anon$$obj.o
    0x08008e04   0x08008e04   0x0000001c   Data   RO         5064    locale$$data        c_p.l(lc_numeric_c.o)


    Execution Region RW_IRAM1 (Exec base: 0x20000000, Load base: 0x08008e20, Size: 0x00000a80, Max: 0x00002000, ABSOLUTE)

    Exec Addr    Load Addr    Size         Type   Attr      Idx    E Section Name        Object

    0x20000000   0x08008e20   0x0000000a   Data   RW           26    .data               main.o
    0x2000000a   0x08008e2a   0x00000002   PAD
    0x2000000c   0x08008e2c   0x00000009   Data   RW         1693    .data               stm32g0xx_hal.o
    0x20000015   0x08008e35   0x00000003   PAD
    0x20000018   0x08008e38   0x00000004   Data   RW         4040    .data               system_stm32g0xx.o
    0x2000001c   0x08008e3c   0x00000034   Data   RW         4536    .data               mpu6050.o
    0x20000050   0x08008e70   0x00000088   Data   RW         4658    .data               control.o
    0x200000d8        -       0x00000330   Zero   RW           24    .bss                main.o
    0x20000408        -       0x0000000c   Zero   RW         4534    .bss                mpu6050.o
    0x20000414        -       0x0000000c   Zero   RW         4656    .bss                control.o
    0x20000420        -       0x00000060   Zero   RW         5085    .bss                c_p.l(libspace.o)
    0x20000480        -       0x00000200   Zero   RW            2    HEAP                startup_stm32g030xx.o
    0x20000680        -       0x00000400   Zero   RW            1    STACK               startup_stm32g030xx.o


==============================================================================

Image component sizes


      Code (inc. data)   RO Data    RW Data    ZI Data      Debug   Object Name

       100         32          0          0          0       1790   buletooth.o
      1352        272          0        136         12       5661   control.o
      1712        208          0         10        816     434455   main.o
      1382        192          0         52         12       5585   mpu6050.o
        56         26        192          0       1536        620   startup_stm32g030xx.o
       220         38          0          9          0      15945   stm32g0xx_hal.o
      1630         60          0          0          0      38371   stm32g0xx_hal_adc.o
       230         26          0          0          0      12073   stm32g0xx_hal_cortex.o
       908         34          0          0          0       4854   stm32g0xx_hal_dma.o
         0          0          0          0          0       2700   stm32g0xx_hal_flash.o
       504         18          0          0          0       2517   stm32g0xx_hal_gpio.o
      4306         82          0          0          0      23042   stm32g0xx_hal_i2c.o
       222          0          0          0          0       1855   stm32g0xx_hal_i2c_ex.o
      1040         76          0          0          0       4502   stm32g0xx_hal_msp.o
        88         12          0          0          0        730   stm32g0xx_hal_pwr_ex.o
      2200         96          0          0          0      20597   stm32g0xx_hal_rcc.o
       488         14          0          0          0       1556   stm32g0xx_hal_rcc_ex.o
      2746        152          0          0          0      16128   stm32g0xx_hal_tim.o
       386         12          0          0          0       3732   stm32g0xx_hal_tim_ex.o
      5122         98         30          0          0      38474   stm32g0xx_hal_uart.o
       384         10         21          0          0       5326   stm32g0xx_hal_uart_ex.o
       156         42          0          0          0       5233   stm32g0xx_it.o
         2          0        104          4          0       1103   system_stm32g0xx.o

    ----------------------------------------------------------------------
     25260       1500        380        216       2376     646849   Object Totals
         0          0         32          0          0          0   (incl. Generated)
        26          0          1          5          0          0   (incl. Padding)

    ----------------------------------------------------------------------

      Code (inc. data)   RO Data    RW Data    ZI Data      Debug   Library Member Name

        60          6          0          0          0         92   __2snprintf.o
        44          4          0          0          0         84   __2sprintf.o
         8          0          0          0          0         68   __main.o
       312          6         17          0          0         76   __printf_flags_wp.o
        14          0          0          0          0         60   __printf_wp.o
         0          0          0          0          0          0   __rtentry.o
        12          0          0          0          0          0   __rtentry2.o
         6          0          0          0          0          0   __rtentry4.o
        60          8          0          0          0          0   __scatter.o
        26          0          0          0          0          0   __scatter_copy.o
        28          0          0          0          0          0   __scatter_zi.o
        48          6          0          0          0         88   _printf_char_common.o
        10          0          0          0          0          0   _printf_f.o
      1048         14          0          0          0        176   _printf_fp_dec.o
       136         16          0          0          0         76   _printf_fp_infnan.o
        88          4         40          0          0         72   _printf_hex_int.o
       176          0          0          0          0         84   _printf_intcommon.o
        78          0          0          0          0        100   _printf_pad.o
         2          0          0          0          0          0   _printf_percent.o
         4          0          0          0          0          0   _printf_percent_end.o
        10          0          0          0          0          0   _printf_x.o
        16          0          0          0          0         60   _snputc.o
        10          0          0          0          0         60   _sputc.o
       346          0          0          0          0         92   aeabi_sdiv.o
       216          6        148          0          0         80   bigflt0.o
      1456         30          0          0          0        336   btod.o
        16          0          0          0          0         68   exit.o
         6          0          0          0          0        136   heapauxi.o
         0          0          0          0          0          0   indicate_semi.o
        44         10         28          0          0         76   lc_numeric_c.o
         2          0          0          0          0          0   libinit.o
        18          0          0          0          0          0   libinit2.o
         2          0          0          0          0          0   libshutdown.o
         2          0          0          0          0          0   libshutdown2.o
         8          4          0          0         96         68   libspace.o
       122          0          0          0          0         72   lludiv10.o
         8          4          0          0          0         68   rt_locale_intlibspace.o
        64          0          0          0          0        108   rt_memclr.o
       186          0          0          0          0        144   rt_memcpy.o
         2          0          0          0          0          0   rtexit.o
        10          0          0          0          0          0   rtexit2.o
        40          0          0          0          0         60   rtudiv10.o
       136          4          0          0          0         72   strcmp.o
        68          6          0          0          0         72   strlen.o
        12          4          0          0          0         60   sys_exit.o
        62          0          0          0          0         80   sys_stackheap_outer.o
         2          0          0          0          0         68   use_no_semi.o
        46          0          0          0          0         60   cmpret.o
       124          4          0          0          0         72   d2f.o
       856         20          0          0          0        208   daddsub.o
       144          4          0          0          0         76   dcmpin.o
      1096         26        128          0          0        112   ddiv.o
       584         26          0          0          0         84   dmul.o
        20          6          0          0          0         68   dnan2.o
       104          4          0          0          0        104   drlef.o
        96         12          0          0          0         72   dscalbn.o
        84          4          0          0          0         60   f2d.o
       348          8          0          0          0        160   faddsub.o
        76          0          0          0          0         68   ffixi.o
        48          0          0          0          0         60   ffixui.o
        94          0          0          0          0         92   fflti.o
       176          4          0          0          0         80   fmul.o
        16          4          0          0          0         76   printf1.o
        94          0          0          0          0         68   retnan.o
         0          0          0          0          0          0   usenofp.o
       540         68        152          0          0        112   atan.o
       376         42          0          0          0        144   atan2.o
        38          6          0          0          0        204   dunder.o
        44          4          0          0          0         60   fpclassify.o
       172          0          0          0          0         76   poly.o
         0          0          8          0          0          0   qnan.o

    ----------------------------------------------------------------------
     10216        374        528          0         96       4872   Library Totals
        16          0          7          0          0          0   (incl. Padding)

    ----------------------------------------------------------------------

      Code (inc. data)   RO Data    RW Data    ZI Data      Debug   Library Name

      5024        132        233          0         96       2756   c_p.l
      4006        122        128          0          0       1520   fz_ps.l
      1170        120        160          0          0        596   m_ps.l

    ----------------------------------------------------------------------
     10216        374        528          0         96       4872   Library Totals

    ----------------------------------------------------------------------

==============================================================================


      Code (inc. data)   RO Data    RW Data    ZI Data      Debug   

     35476       1874        908        216       2472     642185   Grand Totals
     35476       1874        908        216       2472     642185   ELF Image Totals
     35476       1874        908        216          0          0   ROM Totals

==============================================================================

    Total RO  Size (Code + RO Data)                36384 (  35.53kB)
    Total RW  Size (RW Data + ZI Data)              2688 (   2.63kB)
    Total ROM Size (Code + RO Data + RW Data)      36600 (  35.74kB)

==============================================================================

